Microchip MPLAB XC8 Compiler V2.46

Linker command line:

-W-3 \
  --edf=C:\Program Files\Microchip\xc8\v2.46\pic\dat\20240104201356_en.msgs \
  -cn -h+dist/default/debug\Interfacing_Drivers.debug.sym \
  --cmf=dist/default/debug\Interfacing_Drivers.debug.cmf -z -Q18F46K20 \
  -oC:\Users\Gharboby\AppData\Local\Temp\xcAspk8.\driver_tmp_3.o \
  --defsym=__MPLAB_BUILD=1 --fixupoverflow=error \
  -Mdist/default/debug/Interfacing_Drivers.debug.map \
  --md=C:\Users\Gharboby\AppData\Local\Temp\xcAspk8.\driver_tmp_0.dat -E1 \
  -ver=XC8 Compiler --acfsm=1493 -ACODE=00h-0FFFFh -ACONST=00h-0FFFFh \
  -ASMALLCONST=01000h-010FFhx240 -AMEDIUMCONST=01000h-0FFFFh \
  -ACOMRAM=01h-05Fh -AABS1=00h-0F5Fh -ABIGRAM=01h-0F5Fh \
  -ARAM=060h-0FFh,0100h-01FFhx14,0F00h-0F5Fh -ABANK0=060h-0FFh \
  -ABANK1=0100h-01FFh -ABANK2=0200h-02FFh -ABANK3=0300h-03FFh \
  -ABANK4=0400h-04FFh -ABANK5=0500h-05FFh -ABANK6=0600h-06FFh \
  -ABANK7=0700h-07FFh -ABANK8=0800h-08FFh -ABANK9=0900h-09FFh \
  -ABANK10=0A00h-0AFFh -ABANK11=0B00h-0BFFh -ABANK12=0C00h-0CFFh \
  -ABANK13=0D00h-0DFFh -ABANK14=0E00h-0EFFh -ABANK15=0F00h-0F5Fh \
  -ASFR=0F60h-0FFFh -ABIGSFR=0F60h-0FFFh -ACONFIG=0300000h-030000Dh \
  -AIDLOC=0200000h-0200007h -AEEDATA=0F00000h-0F003FFh -peeprom_data=EEDATA \
  -preset_vec=00h,intcode,sivt_hi,intcodelo,sivt_lo,powerup,init \
  -pramtop=01000h -psmallconst=SMALLCONST -pmediumconst=MEDIUMCONST \
  -pconst=CONST -AFARRAM=00h-00h \
  -prdata=COMRAM,nvrram=COMRAM,nvbit=COMRAM,rbss=COMRAM,rbit=COMRAM \
  -pfarbss=FARRAM,fardata=FARRAM,nvFARRAM=FARRAM \
  -pintsave_regs=BIGRAM,bigbss=BIGRAM,bigdata=BIGRAM -pbss=RAM \
  -pidata=CODE,irdata=CODE,ibigdata=CODE,ifardata=CODE -prparam=COMRAM \
  C:\Users\Gharboby\AppData\Local\Temp\xcAspk8.\driver_tmp_9.o \
  dist/default/debug\Interfacing_Drivers.debug.o 

Object code version is 3.11

Machine type is 18F46K20



                Name                               Link     Load   Length Selector   Space Scale
C:\Users\Gharboby\AppData\Local\Temp\xcAspk8.\driver_tmp_9.o
                config                           300000   300000        E        0       4
                init                                  4        4        4        0       0
                reset_vec                             0        0        4        0       0
dist/default/debug\Interfacing_Drivers.debug.o
                config                           300000   300000        E        0       4
                smallconst                         1000     1000       4E      800       0
                text16                             117A     117A      112      827       0
                text15                             128C     128C      110      827       0
                text14                             1826     1826       5E      827       0
                text13                             19BC     19BC       3E      827       0
                text12                             1748     1748       70      827       0
                text11                             1884     1884       5C      827       0
                text10                             14A8     14A8       F4      827       0
                text9                              197E     197E       3E      827       0
                text8                              16C4     16C4       84      827       0
                text7                              139C     139C      10C      827       0
                text6                              1A64     1A64       12      827       0
                text5                              1A76     1A76        6      827       0
                text4                              1640     1640       84      827       0
                text3                              159C     159C       A4      827       0
                text2                              19FA     19FA       3C      827       0
                text1                              17B8     17B8       6E      827       0
                text0                              104E     104E      12C      827       0
                cstackCOMRAM                         2F       2F       23        1       1
                dataBANK0                            60       60       48       60       1
                dataCOMRAM                            1        1       2E        1       1
                bssCOMRAM                            52       52        7        1       1
                cinit                              18E0     18E0       56      827       0
                nvCOMRAM                             59       59        1        1       1
                idataBANK0                         1936     1936       48      827       0
                idataCOMRAM                        1A36     1A36       2E      827       0

TOTAL           Name                               Link     Load   Length     Space
        CLASS   CODE           
                init                                  4        4        4         0
                reset_vec                             0        0        4         0
                text16                             117A     117A      112         0
                text15                             128C     128C      110         0
                text14                             1826     1826       5E         0
                text13                             19BC     19BC       3E         0
                text12                             1748     1748       70         0
                text11                             1884     1884       5C         0
                text10                             14A8     14A8       F4         0
                text9                              197E     197E       3E         0
                text8                              16C4     16C4       84         0
                text7                              139C     139C      10C         0
                text6                              1A64     1A64       12         0
                text5                              1A76     1A76        6         0
                text4                              1640     1640       84         0
                text3                              159C     159C       A4         0
                text2                              19FA     19FA       3C         0
                text1                              17B8     17B8       6E         0
                text0                              104E     104E      12C         0
                cinit                              18E0     18E0       56         0
                idataBANK0                         1936     1936       48         0
                idataCOMRAM                        1A36     1A36       2E         0

        CLASS   CONST          

        CLASS   SMALLCONST     
                smallconst                         1000     1000       4E         0

        CLASS   MEDIUMCONST    

        CLASS   COMRAM         
                cstackCOMRAM                         2F       2F       23         1
                dataCOMRAM                            1        1       2E         1
                bssCOMRAM                            52       52        7         1
                nvCOMRAM                             59       59        1         1

        CLASS   ABS1           

        CLASS   BIGRAM         

        CLASS   RAM            

        CLASS   BANK0          
                dataBANK0                            60       60       48         1

        CLASS   BANK1          

        CLASS   BANK2          

        CLASS   BANK3          

        CLASS   BANK4          

        CLASS   BANK5          

        CLASS   BANK6          

        CLASS   BANK7          

        CLASS   BANK8          

        CLASS   BANK9          

        CLASS   BANK10         

        CLASS   BANK11         

        CLASS   BANK12         

        CLASS   BANK13         

        CLASS   BANK14         

        CLASS   BANK15         

        CLASS   SFR            

        CLASS   BIGSFR         

        CLASS   CONFIG         
                config                           300000   300000        E         4

        CLASS   IDLOC          

        CLASS   EEDATA         

        CLASS   FARRAM         

        CLASS   HEAP           

        CLASS   STACK          



SEGMENTS        Name                           Load    Length   Top    Selector   Space  Class

                reset_vec                      000000  000008  000008         0       0  CODE    
                dataCOMRAM                     000001  000059  00005A         1       1  COMRAM  
                dataBANK0                      000060  000048  0000A8        60       1  BANK0   
                smallconst                     001000  00004E  00104E       800       0  SMALLCON
                text0                          00104E  000A2E  001A7C       827       0  CODE    


UNUSED ADDRESS RANGES

        Name                Unused          Largest block    Delta
        BANK0            0000A8-0000FF               58
        BANK1            000100-0001FF              100
        BANK10           000A00-000AFF              100
        BANK11           000B00-000BFF              100
        BANK12           000C00-000CFF              100
        BANK13           000D00-000DFF              100
        BANK14           000E00-000EFF              100
        BANK15           000F00-000F5F               60
        BANK2            000200-0002FF              100
        BANK3            000300-0003FF              100
        BANK4            000400-0004FF              100
        BANK5            000500-0005FF              100
        BANK6            000600-0006FF              100
        BANK7            000700-0007FF              100
        BANK8            000800-0008FF              100
        BANK9            000900-0009FF              100
        BIGRAM           00005A-00005F                6
                         0000A8-000F5F              EB8
        BIGSFR           000F60-000FFF               A0
        CODE             000008-000FFF              FF8
                         001A7C-00FFFF             E584
        COMRAM           00005A-00005F                6
        CONST            000008-000FFF              FF8
                         001A7C-00FFFF             E584
        EEDATA           F00000-F003FF              400
        IDLOC            200000-200007                8
        MEDIUMCONST      001A7C-00FFFF             E584
        RAM              0000A8-000F5F              100
        SFR              000F60-000FFF               A0
        SMALLCONST       001A7C-00FFFF              100

                                  Symbol Table

GPIO_PIN_DIRECTION_INITIALIZE@Retval      cstackCOMRAM 000035
GPIO_PIN_DIRECTION_INITIALIZE@_PIN_CONFIG cstackCOMRAM 00002F
GPIO_PIN_INITIALIZE@Retval                cstackCOMRAM 000039
GPIO_PIN_INITIALIZE@_PIN_CONFIG           cstackCOMRAM 000037
GPIO_PIN_WRITE_LOGIC@LOGIC                cstackCOMRAM 000030
GPIO_PIN_WRITE_LOGIC@Retval               cstackCOMRAM 000036
GPIO_PIN_WRITE_LOGIC@_PIN_CONFIG          cstackCOMRAM 00002F
LCD_4BIT_INITIALIZE@Retval                cstackCOMRAM 000045
LCD_4BIT_INITIALIZE@i                     cstackCOMRAM 000043
LCD_4BIT_INITIALIZE@lcd                   cstackCOMRAM 000041
LCD_4BIT_SEND_COMMAND@Retval              cstackCOMRAM 000040
LCD_4BIT_SEND_COMMAND@command             cstackCOMRAM 00003F
LCD_4BIT_SEND_COMMAND@lcd                 cstackCOMRAM 00003E
LCD_8BIT_INITIALIZE@Retval                cstackCOMRAM 000044
LCD_8BIT_INITIALIZE@i                     cstackCOMRAM 000042
LCD_8BIT_INITIALIZE@lcd                   cstackCOMRAM 000040
LCD_8BIT_SEND_CHARACTER_DATA@Retval       cstackCOMRAM 00003D
LCD_8BIT_SEND_CHARACTER_DATA@data         cstackCOMRAM 00003A
LCD_8BIT_SEND_CHARACTER_DATA@i            cstackCOMRAM 00003E
LCD_8BIT_SEND_CHARACTER_DATA@lcd          cstackCOMRAM 000039
LCD_8BIT_SEND_CHARACTER_DATA_POS@Retval   cstackCOMRAM 000048
LCD_8BIT_SEND_CHARACTER_DATA_POS@column   cstackCOMRAM 000046
LCD_8BIT_SEND_CHARACTER_DATA_POS@data     cstackCOMRAM 000047
LCD_8BIT_SEND_CHARACTER_DATA_POS@lcd      cstackCOMRAM 000044
LCD_8BIT_SEND_CHARACTER_DATA_POS@row      cstackCOMRAM 000045
LCD_8BIT_SEND_COMMAND@Retval              cstackCOMRAM 00003D
LCD_8BIT_SEND_COMMAND@command             cstackCOMRAM 00003A
LCD_8BIT_SEND_COMMAND@i                   cstackCOMRAM 00003E
LCD_8BIT_SEND_COMMAND@lcd                 cstackCOMRAM 000039
LCD_8BIT_SEND_CUSTOM_CHARACTER@Retval     cstackCOMRAM 00004E
LCD_8BIT_SEND_CUSTOM_CHARACTER@chr        cstackCOMRAM 00004C
LCD_8BIT_SEND_CUSTOM_CHARACTER@column     cstackCOMRAM 00004B
LCD_8BIT_SEND_CUSTOM_CHARACTER@i          cstackCOMRAM 00004F
LCD_8BIT_SEND_CUSTOM_CHARACTER@lcd        cstackCOMRAM 000049
LCD_8BIT_SEND_CUSTOM_CHARACTER@mem_pos    cstackCOMRAM 00004D
LCD_8BIT_SEND_CUSTOM_CHARACTER@row        cstackCOMRAM 00004A
LED_INITIALIZE@F3739                      bssCOMRAM    000058
LED_TOGGLE@F3754                          bssCOMRAM    000055
LED_Turn_OFF@F3749                        bssCOMRAM    000056
LED_Turn_ON@F3744                         bssCOMRAM    000057
RELAY_INITIALIZE@F3737                    bssCOMRAM    000054
RELAY_TURN_OFF@F3749                      bssCOMRAM    000052
RELAY_TURN_ON@F3743                       bssCOMRAM    000053
_Application_intialize                    text5        001A76
_ECU_LAYER_INITIALIZE                     text6        001A64
_GPIO_PIN_DIRECTION_INITIALIZE            text16       00117A
_GPIO_PIN_INITIALIZE                      text14       001826
_GPIO_PIN_WRITE_LOGIC                     text15       00128C
_KEYPAD_VALUES                            smallconst   001001
_LATA                                     (abs)        000F89
_LATB                                     (abs)        000F8A
_LATC                                     (abs)        000F8B
_LATD                                     (abs)        000F8C
_LATE                                     (abs)        000F8D
_LAT_REG                                  dataCOMRAM   000001
_LCD_4BIT_INITIALIZE                      text10       0014A8
_LCD_4BIT_SEND_COMMAND                    text11       001884
_LCD_8BIT_INITIALIZE                      text7        00139C
_LCD_8BIT_SEND_CHARACTER_DATA             text4        001640
_LCD_8BIT_SEND_CHARACTER_DATA_POS         text2        0019FA
_LCD_8BIT_SEND_COMMAND                    text8        0016C4
_LCD_8BIT_SEND_CUSTOM_CHARACTER           text1        0017B8
_PORTA                                    (abs)        000F80
_PORTB                                    (abs)        000F81
_PORTC                                    (abs)        000F82
_PORTD                                    (abs)        000F83
_PORTE                                    (abs)        000F84
_PORT_REG                                 dataCOMRAM   00000B
_Ret                                      nvCOMRAM     000059
_TRISA                                    (abs)        000F92
_TRISB                                    (abs)        000F93
_TRISC                                    (abs)        000F94
_TRISD                                    (abs)        000F95
_TRISE                                    (abs)        000F96
_TRIS_REG                                 dataCOMRAM   000015
__HRAM                                    (abs)        000000
__H__absolute__                           __absolute__ 000000
__Habs1                                   abs1         000000
__Hbank0                                  bank0        000000
__Hbank1                                  bank1        000000
__Hbank10                                 bank10       000000
__Hbank11                                 bank11       000000
__Hbank12                                 bank12       000000
__Hbank13                                 bank13       000000
__Hbank14                                 bank14       000000
__Hbank15                                 bank15       000000
__Hbank2                                  bank2        000000
__Hbank3                                  bank3        000000
__Hbank4                                  bank4        000000
__Hbank5                                  bank5        000000
__Hbank6                                  bank6        000000
__Hbank7                                  bank7        000000
__Hbank8                                  bank8        000000
__Hbank9                                  bank9        000000
__Hbigbss                                 bigbss       000000
__Hbigdata                                bigdata      000000
__Hbigram                                 bigram       000000
__Hbigsfr                                 bigsfr       000000
__Hbss                                    bss          000000
__HbssCOMRAM                              bssCOMRAM    000000
__Hcinit                                  cinit        000000
__Hclrtext                                clrtext      000000
__Hcomram                                 comram       000000
__Hconfig                                 config       30000E
__Hconst                                  const        000000
__HcstackCOMRAM                           cstackCOMRAM 000000
__Hdata                                   data         000000
__HdataBANK0                              dataBANK0    000000
__HdataCOMRAM                             dataCOMRAM   000000
__Heeprom_data                            eeprom_data  000000
__Hfarbss                                 farbss       000000
__Hfardata                                fardata      000000
__Hheap                                   heap         000000
__Hibigdata                               ibigdata     000000
__Hidata                                  idata        000000
__HidataBANK0                             idataBANK0   000000
__HidataCOMRAM                            idataCOMRAM  000000
__Hidloc                                  idloc        000000
__Hifardata                               ifardata     000000
__Hinit                                   init         000008
__Hintcode                                intcode      000004
__Hintcode_body                           intcode_body 000000
__Hintcodelo                              intcodelo    000004
__Hintentry                               intentry     000000
__Hintret                                 intret       000000
__Hintsave_regs                           intsave_regs 000000
__Hirdata                                 irdata       000000
__Hmediumconst                            mediumconst  000000
__HnvCOMRAM                               nvCOMRAM     000000
__HnvFARRAM                               nvFARRAM     000000
__Hnvbit                                  nvbit        000000
__Hnvrram                                 nvrram       000000
__Hparam                                  rparam       000000
__Hpowerup                                powerup      000004
__Hram                                    ram          000000
__Hramtop                                 ramtop       001000
__Hrbit                                   rbit         000000
__Hrbss                                   rbss         000000
__Hrdata                                  rdata        000000
__Hreset_vec                              reset_vec    000004
__Hrparam                                 rparam       000000
__Hsfr                                    sfr          000000
__Hsivt_hi                                sivt_hi      000004
__Hsivt_lo                                sivt_lo      000004
__Hsmallconst                             smallconst   00104E
__Hspace_0                                (abs)        001A7C
__Hspace_1                                (abs)        0000A8
__Hspace_2                                (abs)        000000
__Hspace_4                                (abs)        60000E
__Hstack                                  stack        000000
__Hstruct                                 struct       000000
__Htemp                                   temp         000000
__Htext                                   text         000000
__Htext0                                  text0        000000
__Htext1                                  text1        000000
__Htext10                                 text10       000000
__Htext11                                 text11       000000
__Htext12                                 text12       000000
__Htext13                                 text13       000000
__Htext14                                 text14       000000
__Htext15                                 text15       000000
__Htext16                                 text16       000000
__Htext2                                  text2        000000
__Htext3                                  text3        000000
__Htext4                                  text4        000000
__Htext5                                  text5        000000
__Htext6                                  text6        000000
__Htext7                                  text7        000000
__Htext8                                  text8        000000
__Htext9                                  text9        000000
__LRAM                                    (abs)        000001
__L__absolute__                           __absolute__ 000000
__Labs1                                   abs1         000000
__Lbank0                                  bank0        000000
__Lbank1                                  bank1        000000
__Lbank10                                 bank10       000000
__Lbank11                                 bank11       000000
__Lbank12                                 bank12       000000
__Lbank13                                 bank13       000000
__Lbank14                                 bank14       000000
__Lbank15                                 bank15       000000
__Lbank2                                  bank2        000000
__Lbank3                                  bank3        000000
__Lbank4                                  bank4        000000
__Lbank5                                  bank5        000000
__Lbank6                                  bank6        000000
__Lbank7                                  bank7        000000
__Lbank8                                  bank8        000000
__Lbank9                                  bank9        000000
__Lbigbss                                 bigbss       000000
__Lbigdata                                bigdata      000000
__Lbigram                                 bigram       000000
__Lbigsfr                                 bigsfr       000000
__Lbss                                    bss          000000
__LbssCOMRAM                              bssCOMRAM    000000
__Lcinit                                  cinit        000000
__Lclrtext                                clrtext      000000
__Lcomram                                 comram       000000
__Lconfig                                 config       000000
__Lconst                                  const        000000
__LcstackCOMRAM                           cstackCOMRAM 000000
__Ldata                                   data         000000
__LdataBANK0                              dataBANK0    000000
__LdataCOMRAM                             dataCOMRAM   000000
__Leeprom_data                            eeprom_data  000000
__Lfarbss                                 farbss       000000
__Lfardata                                fardata      000000
__Lheap                                   heap         000000
__Libigdata                               ibigdata     000000
__Lidata                                  idata        000000
__LidataBANK0                             idataBANK0   000000
__LidataCOMRAM                            idataCOMRAM  000000
__Lidloc                                  idloc        000000
__Lifardata                               ifardata     000000
__Linit                                   init         000004
__Lintcode                                intcode      000004
__Lintcode_body                           intcode_body 000000
__Lintcodelo                              intcodelo    000004
__Lintentry                               intentry     000000
__Lintret                                 intret       000000
__Lintsave_regs                           intsave_regs 000000
__Lirdata                                 irdata       000000
__Lmediumconst                            mediumconst  000000
__LnvCOMRAM                               nvCOMRAM     000000
__LnvFARRAM                               nvFARRAM     000000
__Lnvbit                                  nvbit        000000
__Lnvrram                                 nvrram       000000
__Lparam                                  rparam       000000
__Lpowerup                                powerup      000004
__Lram                                    ram          000000
__Lramtop                                 ramtop       001000
__Lrbit                                   rbit         000000
__Lrbss                                   rbss         000000
__Lrdata                                  rdata        000000
__Lreset_vec                              reset_vec    000000
__Lrparam                                 rparam       000000
__Lsfr                                    sfr          000000
__Lsivt_hi                                sivt_hi      000004
__Lsivt_lo                                sivt_lo      000004
__Lsmallconst                             smallconst   001000
__Lspace_0                                (abs)        000000
__Lspace_1                                (abs)        000000
__Lspace_2                                (abs)        000000
__Lspace_4                                (abs)        000000
__Lstack                                  stack        000000
__Lstruct                                 struct       000000
__Ltemp                                   temp         000000
__Ltext                                   text         000000
__Ltext0                                  text0        000000
__Ltext1                                  text1        000000
__Ltext10                                 text10       000000
__Ltext11                                 text11       000000
__Ltext12                                 text12       000000
__Ltext13                                 text13       000000
__Ltext14                                 text14       000000
__Ltext15                                 text15       000000
__Ltext16                                 text16       000000
__Ltext2                                  text2        000000
__Ltext3                                  text3        000000
__Ltext4                                  text4        000000
__Ltext5                                  text5        000000
__Ltext6                                  text6        000000
__Ltext7                                  text7        000000
__Ltext8                                  text8        000000
__Ltext9                                  text9        000000
__S0                                      (abs)        001A7C
__S1                                      (abs)        0000A8
__S4                                      (abs)        000000
__S5                                      (abs)        000000
___heap_hi                                (abs)        000000
___heap_lo                                (abs)        000000
___inthi_sp                               stack        000000
___inthi_stack_hi                         stack        000000
___inthi_stack_lo                         stack        000000
___intlo_sp                               stack        000000
___intlo_stack_hi                         stack        000000
___intlo_stack_lo                         stack        000000
___param_bank                             (abs)        000000
___rparam_used                            (abs)        000001
___sp                                     stack        000000
___stack_hi                               stack        000000
___stack_lo                               stack        000000
__accesstop                               (abs)        000060
__activetblptr                            (abs)        000002
__end_of_Application_intialize            text5        001A7C
__end_of_ECU_LAYER_INITIALIZE             text6        001A76
__end_of_GPIO_PIN_DIRECTION_INITIALIZE    text16       00128C
__end_of_GPIO_PIN_INITIALIZE              text14       001884
__end_of_GPIO_PIN_WRITE_LOGIC             text15       00139C
__end_of_KEYPAD_VALUES                    smallconst   001011
__end_of_LCD_4BIT_INITIALIZE              text10       00159C
__end_of_LCD_4BIT_SEND_COMMAND            text11       0018E0
__end_of_LCD_8BIT_INITIALIZE              text7        0014A8
__end_of_LCD_8BIT_SEND_CHARACTER_DATA     text4        0016C4
__end_of_LCD_8BIT_SEND_CHARACTER_DATA_POS text2        001A36
__end_of_LCD_8BIT_SEND_COMMAND            text8        001748
__end_of_LCD_8BIT_SEND_CUSTOM_CHARACTER   text1        001826
__end_of__initialization                  cinit        00192C
__end_of_lcd_4bit_send_enable_signal      text13       0019FA
__end_of_lcd_8bit_send_enable_signal      text9        0019BC
__end_of_lcd_8bit_set_cursor              text3        001640
__end_of_lcd_send_4bits                   text12       0017B8
__end_of_main                             text0        00117A
__initialization                          cinit        0018E0
__mediumconst                             mediumconst  000000
__pbssCOMRAM                              bssCOMRAM    000052
__pcinit                                  cinit        0018E0
__pcstackCOMRAM                           cstackCOMRAM 00002F
__pdataBANK0                              dataBANK0    000060
__pdataCOMRAM                             dataCOMRAM   000001
__pidataBANK0                             idataBANK0   001936
__pidataCOMRAM                            idataCOMRAM  001A36
__pnvCOMRAM                               nvCOMRAM     000059
__psmallconst                             smallconst   001000
__ptext0                                  text0        00104E
__ptext1                                  text1        0017B8
__ptext10                                 text10       0014A8
__ptext11                                 text11       001884
__ptext12                                 text12       001748
__ptext13                                 text13       0019BC
__ptext14                                 text14       001826
__ptext15                                 text15       00128C
__ptext16                                 text16       00117A
__ptext2                                  text2        0019FA
__ptext3                                  text3        00159C
__ptext4                                  text4        001640
__ptext5                                  text5        001A76
__ptext6                                  text6        001A64
__ptext7                                  text7        00139C
__ptext8                                  text8        0016C4
__ptext9                                  text9        00197E
__ramtop                                  ramtop       001000
__smallconst                              smallconst   001000
_completed_heart                          dataBANK0    000060
_lcd1                                     dataCOMRAM   000029
_lcd2                                     dataCOMRAM   00001F
_lcd_4bit_send_enable_signal              text13       0019BC
_lcd_8bit_send_enable_signal              text9        00197E
_lcd_8bit_set_cursor                      text3        00159C
_lcd_send_4bits                           text12       001748
_left_half                                dataBANK0    000070
_low_battery_00                           dataBANK0    0000A0
_low_battery_100                          dataBANK0    000078
_low_battery_20                           dataBANK0    000098
_low_battery_40                           dataBANK0    000090
_low_battery_60                           dataBANK0    000088
_low_battery_80                           dataBANK0    000080
_main                                     text0        00104E
_right_half                               dataBANK0    000068
end_of_initialization                     cinit        00192C
intlevel0                                 text         000000
intlevel1                                 text         000000
intlevel2                                 text         000000
intlevel3                                 text         000000
isa$std                                   (abs)        000001
isa$xinst                                 (abs)        000000
lcd_4bit_send_enable_signal@Retval        cstackCOMRAM 000038
lcd_4bit_send_enable_signal@lcd           cstackCOMRAM 000037
lcd_8bit_send_enable_signal@Retval        cstackCOMRAM 000038
lcd_8bit_send_enable_signal@lcd           cstackCOMRAM 000037
lcd_8bit_set_cursor@Retval                cstackCOMRAM 000043
lcd_8bit_set_cursor@column                cstackCOMRAM 000042
lcd_8bit_set_cursor@lcd                   cstackCOMRAM 000040
lcd_8bit_set_cursor@row                   cstackCOMRAM 000041
lcd_send_4bits@Retval                     cstackCOMRAM 00003B
lcd_send_4bits@_data_command              cstackCOMRAM 000038
lcd_send_4bits@i                          cstackCOMRAM 00003C
lcd_send_4bits@lcd                        cstackCOMRAM 000037
stackhi                                   (abs)        000000
stacklo                                   (abs)        000000
start                                     init         000004
start_initialization                      cinit        0018E0


MODULE INFORMATION

Module		Function		Class		Link	Load	Size
Drivers_Main.c
		_Application_intialize		CODE           	1A76	0000	6
		_main          		CODE           	104E	0000	300

Drivers_Main.c estimated size: 306

ECUAL/ECU_INIT.c
		_ECU_LAYER_INITIALIZE		CODE           	1A64	0000	18

ECUAL/ECU_INIT.c estimated size: 18

ECUAL/CHR_LCD/ECU_CHR_LCD.c
		_lcd_8bit_set_cursor		CODE           	159C	0000	164
		_lcd_8bit_send_enable_signal		CODE           	197E	0000	62
		_LCD_8BIT_SEND_CHARACTER_DATA_POS		CODE           	19FA	0000	60
		_lcd_send_4bits		CODE           	1748	0000	112
		_LCD_8BIT_SEND_CHARACTER_DATA		CODE           	1640	0000	132
		_LCD_8BIT_INITIALIZE		CODE           	139C	0000	268
		_LCD_8BIT_SEND_COMMAND		CODE           	16C4	0000	132
		_lcd_4bit_send_enable_signal		CODE           	19BC	0000	62
		_LCD_8BIT_SEND_CUSTOM_CHARACTER		CODE           	17B8	0000	110
		_LCD_4BIT_INITIALIZE		CODE           	14A8	0000	244
		_LCD_4BIT_SEND_COMMAND		CODE           	1884	0000	92

ECUAL/CHR_LCD/ECU_CHR_LCD.c estimated size: 1438

shared
		_KEYPAD_VALUES 		SMALLCONST     	1001	0000	16
		__initialization		CODE           	18E0	0000	76

shared estimated size: 92

MCAL/GPIO/HAL_GPIO.c
		_GPIO_PIN_INITIALIZE		CODE           	1826	0000	94
		_GPIO_PIN_DIRECTION_INITIALIZE		CODE           	117A	0000	274
		_GPIO_PIN_WRITE_LOGIC		CODE           	128C	0000	272

MCAL/GPIO/HAL_GPIO.c estimated size: 640

