Microchip MPLAB XC8 Compiler V2.46

Linker command line:

-W-3 \
  --edf=C:\Program Files\Microchip\xc8\v2.46\pic\dat\20240104201356_en.msgs \
  -cn -h+dist/default/debug\Interfacing_Drivers.debug.sym \
  --cmf=dist/default/debug\Interfacing_Drivers.debug.cmf -z -Q18F46K20 \
  -oC:\Users\Gharboby\AppData\Local\Temp\xcAsk6g.\driver_tmp_3.o \
  --defsym=__MPLAB_BUILD=1 --fixupoverflow=error \
  -Mdist/default/debug/Interfacing_Drivers.debug.map \
  --md=C:\Users\Gharboby\AppData\Local\Temp\xcAsk6g.\driver_tmp_0.dat -E1 \
  -ver=XC8 Compiler --acfsm=1493 -ACODE=00h-0FFFFh -ACONST=00h-0FFFFh \
  -ASMALLCONST=01000h-010FFhx240 -AMEDIUMCONST=01000h-0FFFFh \
  -ACOMRAM=01h-05Fh -AABS1=00h-0F5Fh -ABIGRAM=01h-0F5Fh \
  -ARAM=060h-0FFh,0100h-01FFhx14,0F00h-0F5Fh -ABANK0=060h-0FFh \
  -ABANK1=0100h-01FFh -ABANK2=0200h-02FFh -ABANK3=0300h-03FFh \
  -ABANK4=0400h-04FFh -ABANK5=0500h-05FFh -ABANK6=0600h-06FFh \
  -ABANK7=0700h-07FFh -ABANK8=0800h-08FFh -ABANK9=0900h-09FFh \
  -ABANK10=0A00h-0AFFh -ABANK11=0B00h-0BFFh -ABANK12=0C00h-0CFFh \
  -ABANK13=0D00h-0DFFh -ABANK14=0E00h-0EFFh -ABANK15=0F00h-0F5Fh \
  -ASFR=0F60h-0FFFh -ABIGSFR=0F60h-0FFFh -ACONFIG=0300000h-030000Dh \
  -AIDLOC=0200000h-0200007h -AEEDATA=0F00000h-0F003FFh -peeprom_data=EEDATA \
  -preset_vec=00h,intcode,sivt_hi,intcodelo,sivt_lo,powerup,init \
  -pramtop=01000h -psmallconst=SMALLCONST -pmediumconst=MEDIUMCONST \
  -pconst=CONST -AFARRAM=00h-00h \
  -prdata=COMRAM,nvrram=COMRAM,nvbit=COMRAM,rbss=COMRAM,rbit=COMRAM \
  -pfarbss=FARRAM,fardata=FARRAM,nvFARRAM=FARRAM \
  -pintsave_regs=BIGRAM,bigbss=BIGRAM,bigdata=BIGRAM -pbss=RAM \
  -pidata=CODE,irdata=CODE,ibigdata=CODE,ifardata=CODE -prparam=COMRAM \
  C:\Users\Gharboby\AppData\Local\Temp\xcAsk6g.\driver_tmp_9.o \
  dist/default/debug\Interfacing_Drivers.debug.o 

Object code version is 3.11

Machine type is 18F46K20



                Name                               Link     Load   Length Selector   Space Scale
C:\Users\Gharboby\AppData\Local\Temp\xcAsk6g.\driver_tmp_9.o
                config                           300000   300000        E        0       4
                init                                  4        4        4        0       0
                reset_vec                             0        0        4        0       0
dist/default/debug\Interfacing_Drivers.debug.o
                config                           300000   300000        E        0       4
                smallconst                         1000     1000        2      800       0
                text5                              1002     1002      112      801       0
                text4                              1114     1114      110      801       0
                text3                              12F6     12F6       5E      801       0
                text2                              1224     1224       D2      801       0
                text1                              13AC     13AC       16      801       0
                text0                              13C2     13C2        C      801       0
                cstackCOMRAM                         23       23       10        1       1
                dataCOMRAM                            1        1       22        1       1
                bssCOMRAM                            33       33        F        1       1
                cinit                              1354     1354       36      801       0
                nvCOMRAM                             42       42        1        1       1
                idataCOMRAM                        138A     138A       22      801       0

TOTAL           Name                               Link     Load   Length     Space
        CLASS   CODE           
                init                                  4        4        4         0
                reset_vec                             0        0        4         0
                text5                              1002     1002      112         0
                text4                              1114     1114      110         0
                text3                              12F6     12F6       5E         0
                text2                              1224     1224       D2         0
                text1                              13AC     13AC       16         0
                text0                              13C2     13C2        C         0
                cinit                              1354     1354       36         0
                idataCOMRAM                        138A     138A       22         0

        CLASS   CONST          

        CLASS   SMALLCONST     
                smallconst                         1000     1000        2         0

        CLASS   MEDIUMCONST    

        CLASS   COMRAM         
                cstackCOMRAM                         23       23       10         1
                dataCOMRAM                            1        1       22         1
                bssCOMRAM                            33       33        F         1
                nvCOMRAM                             42       42        1         1

        CLASS   ABS1           

        CLASS   BIGRAM         

        CLASS   RAM            

        CLASS   BANK0          

        CLASS   BANK1          

        CLASS   BANK2          

        CLASS   BANK3          

        CLASS   BANK4          

        CLASS   BANK5          

        CLASS   BANK6          

        CLASS   BANK7          

        CLASS   BANK8          

        CLASS   BANK9          

        CLASS   BANK10         

        CLASS   BANK11         

        CLASS   BANK12         

        CLASS   BANK13         

        CLASS   BANK14         

        CLASS   BANK15         

        CLASS   SFR            

        CLASS   BIGSFR         

        CLASS   CONFIG         
                config                           300000   300000        E         4

        CLASS   IDLOC          

        CLASS   EEDATA         

        CLASS   FARRAM         

        CLASS   HEAP           

        CLASS   STACK          



SEGMENTS        Name                           Load    Length   Top    Selector   Space  Class

                reset_vec                      000000  000008  000008         0       0  CODE    
                dataCOMRAM                     000001  000042  000043         1       1  COMRAM  
                smallconst                     001000  000002  001002       800       0  SMALLCON
                text5                          001002  0003CC  0013CE       801       0  CODE    


UNUSED ADDRESS RANGES

        Name                Unused          Largest block    Delta
        BANK0            000060-0000FF               A0
        BANK1            000100-0001FF              100
        BANK10           000A00-000AFF              100
        BANK11           000B00-000BFF              100
        BANK12           000C00-000CFF              100
        BANK13           000D00-000DFF              100
        BANK14           000E00-000EFF              100
        BANK15           000F00-000F5F               60
        BANK2            000200-0002FF              100
        BANK3            000300-0003FF              100
        BANK4            000400-0004FF              100
        BANK5            000500-0005FF              100
        BANK6            000600-0006FF              100
        BANK7            000700-0007FF              100
        BANK8            000800-0008FF              100
        BANK9            000900-0009FF              100
        BIGRAM           000043-000F5F              F1D
        BIGSFR           000F60-000FFF               A0
        CODE             000008-000FFF              FF8
                         0013CE-00FFFF             EC32
        COMRAM           000043-00005F               1D
        CONST            000008-000FFF              FF8
                         0013CE-00FFFF             EC32
        EEDATA           F00000-F003FF              400
        IDLOC            200000-200007                8
        MEDIUMCONST      0013CE-00FFFF             EC32
        RAM              000060-000F5F              100
        SFR              000F60-000FFF               A0
        SMALLCONST       0013CE-00FFFF              100

                                  Symbol Table

DC_MOTOR_INITIALIZE@F3147                 bssCOMRAM    00003A
DC_MOTOR_INITIALIZE@F3149                 bssCOMRAM    000039
DC_MOTOR_INITIALIZE@Retval                cstackCOMRAM 000030
DC_MOTOR_INITIALIZE@motor                 cstackCOMRAM 00002E
DC_MOTOR_INITIALIZE@motor_pin1            cstackCOMRAM 000031
DC_MOTOR_INITIALIZE@motor_pin2            cstackCOMRAM 000032
DC_MOTOR_ROTATE_CCW@F3163                 bssCOMRAM    000036
DC_MOTOR_ROTATE_CCW@F3165                 bssCOMRAM    000035
DC_MOTOR_ROTATE_CW@F3154                  bssCOMRAM    000038
DC_MOTOR_ROTATE_CW@F3156                  bssCOMRAM    000037
DC_MOTOR_STOP@F3172                       bssCOMRAM    000034
DC_MOTOR_STOP@F3174                       bssCOMRAM    000033
GPIO_PIN_DIRECTION_INITIALIZE@Retval      cstackCOMRAM 000029
GPIO_PIN_DIRECTION_INITIALIZE@_PIN_CONFIG cstackCOMRAM 000023
GPIO_PIN_INITIALIZE@Retval                cstackCOMRAM 00002D
GPIO_PIN_INITIALIZE@_PIN_CONFIG           cstackCOMRAM 00002B
GPIO_PIN_WRITE_LOGIC@LOGIC                cstackCOMRAM 000024
GPIO_PIN_WRITE_LOGIC@Retval               cstackCOMRAM 00002A
GPIO_PIN_WRITE_LOGIC@_PIN_CONFIG          cstackCOMRAM 000023
LED_INITIALIZE@F3148                      bssCOMRAM    000041
LED_TOGGLE@F3163                          bssCOMRAM    00003E
LED_Turn_OFF@F3158                        bssCOMRAM    00003F
LED_Turn_ON@F3153                         bssCOMRAM    000040
RELAY_INITIALIZE@F3146                    bssCOMRAM    00003D
RELAY_TURN_OFF@F3158                      bssCOMRAM    00003B
RELAY_TURN_ON@F3152                       bssCOMRAM    00003C
_Application_intialize                    text1        0013AC
_DC_MOTOR_INITIALIZE                      text2        001224
_GPIO_PIN_DIRECTION_INITIALIZE            text5        001002
_GPIO_PIN_INITIALIZE                      text3        0012F6
_GPIO_PIN_WRITE_LOGIC                     text4        001114
_LATA                                     (abs)        000F89
_LATB                                     (abs)        000F8A
_LATC                                     (abs)        000F8B
_LATD                                     (abs)        000F8C
_LATE                                     (abs)        000F8D
_LAT_REG                                  dataCOMRAM   000001
_PORTA                                    (abs)        000F80
_PORTB                                    (abs)        000F81
_PORTC                                    (abs)        000F82
_PORTD                                    (abs)        000F83
_PORTE                                    (abs)        000F84
_PORT_REG                                 dataCOMRAM   00000B
_Ret                                      nvCOMRAM     000042
_TRISA                                    (abs)        000F92
_TRISB                                    (abs)        000F93
_TRISC                                    (abs)        000F94
_TRISD                                    (abs)        000F95
_TRISE                                    (abs)        000F96
_TRIS_REG                                 dataCOMRAM   000015
__HRAM                                    (abs)        000000
__H__absolute__                           __absolute__ 000000
__Habs1                                   abs1         000000
__Hbank0                                  bank0        000000
__Hbank1                                  bank1        000000
__Hbank10                                 bank10       000000
__Hbank11                                 bank11       000000
__Hbank12                                 bank12       000000
__Hbank13                                 bank13       000000
__Hbank14                                 bank14       000000
__Hbank15                                 bank15       000000
__Hbank2                                  bank2        000000
__Hbank3                                  bank3        000000
__Hbank4                                  bank4        000000
__Hbank5                                  bank5        000000
__Hbank6                                  bank6        000000
__Hbank7                                  bank7        000000
__Hbank8                                  bank8        000000
__Hbank9                                  bank9        000000
__Hbigbss                                 bigbss       000000
__Hbigdata                                bigdata      000000
__Hbigram                                 bigram       000000
__Hbigsfr                                 bigsfr       000000
__Hbss                                    bss          000000
__HbssCOMRAM                              bssCOMRAM    000000
__Hcinit                                  cinit        000000
__Hclrtext                                clrtext      000000
__Hcomram                                 comram       000000
__Hconfig                                 config       30000E
__Hconst                                  const        000000
__HcstackCOMRAM                           cstackCOMRAM 000000
__Hdata                                   data         000000
__HdataCOMRAM                             dataCOMRAM   000000
__Heeprom_data                            eeprom_data  000000
__Hfarbss                                 farbss       000000
__Hfardata                                fardata      000000
__Hheap                                   heap         000000
__Hibigdata                               ibigdata     000000
__Hidata                                  idata        000000
__HidataCOMRAM                            idataCOMRAM  000000
__Hidloc                                  idloc        000000
__Hifardata                               ifardata     000000
__Hinit                                   init         000008
__Hintcode                                intcode      000004
__Hintcode_body                           intcode_body 000000
__Hintcodelo                              intcodelo    000004
__Hintentry                               intentry     000000
__Hintret                                 intret       000000
__Hintsave_regs                           intsave_regs 000000
__Hirdata                                 irdata       000000
__Hmediumconst                            mediumconst  000000
__HnvCOMRAM                               nvCOMRAM     000000
__HnvFARRAM                               nvFARRAM     000000
__Hnvbit                                  nvbit        000000
__Hnvrram                                 nvrram       000000
__Hparam                                  rparam       000000
__Hpowerup                                powerup      000004
__Hram                                    ram          000000
__Hramtop                                 ramtop       001000
__Hrbit                                   rbit         000000
__Hrbss                                   rbss         000000
__Hrdata                                  rdata        000000
__Hreset_vec                              reset_vec    000004
__Hrparam                                 rparam       000000
__Hsfr                                    sfr          000000
__Hsivt_hi                                sivt_hi      000004
__Hsivt_lo                                sivt_lo      000004
__Hsmallconst                             smallconst   001002
__Hspace_0                                (abs)        0013CE
__Hspace_1                                (abs)        000043
__Hspace_2                                (abs)        000000
__Hspace_4                                (abs)        60000E
__Hstack                                  stack        000000
__Hstruct                                 struct       000000
__Htemp                                   temp         000000
__Htext                                   text         000000
__Htext0                                  text0        000000
__Htext1                                  text1        000000
__Htext2                                  text2        000000
__Htext3                                  text3        000000
__Htext4                                  text4        000000
__Htext5                                  text5        000000
__LRAM                                    (abs)        000001
__L__absolute__                           __absolute__ 000000
__Labs1                                   abs1         000000
__Lbank0                                  bank0        000000
__Lbank1                                  bank1        000000
__Lbank10                                 bank10       000000
__Lbank11                                 bank11       000000
__Lbank12                                 bank12       000000
__Lbank13                                 bank13       000000
__Lbank14                                 bank14       000000
__Lbank15                                 bank15       000000
__Lbank2                                  bank2        000000
__Lbank3                                  bank3        000000
__Lbank4                                  bank4        000000
__Lbank5                                  bank5        000000
__Lbank6                                  bank6        000000
__Lbank7                                  bank7        000000
__Lbank8                                  bank8        000000
__Lbank9                                  bank9        000000
__Lbigbss                                 bigbss       000000
__Lbigdata                                bigdata      000000
__Lbigram                                 bigram       000000
__Lbigsfr                                 bigsfr       000000
__Lbss                                    bss          000000
__LbssCOMRAM                              bssCOMRAM    000000
__Lcinit                                  cinit        000000
__Lclrtext                                clrtext      000000
__Lcomram                                 comram       000000
__Lconfig                                 config       000000
__Lconst                                  const        000000
__LcstackCOMRAM                           cstackCOMRAM 000000
__Ldata                                   data         000000
__LdataCOMRAM                             dataCOMRAM   000000
__Leeprom_data                            eeprom_data  000000
__Lfarbss                                 farbss       000000
__Lfardata                                fardata      000000
__Lheap                                   heap         000000
__Libigdata                               ibigdata     000000
__Lidata                                  idata        000000
__LidataCOMRAM                            idataCOMRAM  000000
__Lidloc                                  idloc        000000
__Lifardata                               ifardata     000000
__Linit                                   init         000004
__Lintcode                                intcode      000004
__Lintcode_body                           intcode_body 000000
__Lintcodelo                              intcodelo    000004
__Lintentry                               intentry     000000
__Lintret                                 intret       000000
__Lintsave_regs                           intsave_regs 000000
__Lirdata                                 irdata       000000
__Lmediumconst                            mediumconst  000000
__LnvCOMRAM                               nvCOMRAM     000000
__LnvFARRAM                               nvFARRAM     000000
__Lnvbit                                  nvbit        000000
__Lnvrram                                 nvrram       000000
__Lparam                                  rparam       000000
__Lpowerup                                powerup      000004
__Lram                                    ram          000000
__Lramtop                                 ramtop       001000
__Lrbit                                   rbit         000000
__Lrbss                                   rbss         000000
__Lrdata                                  rdata        000000
__Lreset_vec                              reset_vec    000000
__Lrparam                                 rparam       000000
__Lsfr                                    sfr          000000
__Lsivt_hi                                sivt_hi      000004
__Lsivt_lo                                sivt_lo      000004
__Lsmallconst                             smallconst   001000
__Lspace_0                                (abs)        000000
__Lspace_1                                (abs)        000000
__Lspace_2                                (abs)        000000
__Lspace_4                                (abs)        000000
__Lstack                                  stack        000000
__Lstruct                                 struct       000000
__Ltemp                                   temp         000000
__Ltext                                   text         000000
__Ltext0                                  text0        000000
__Ltext1                                  text1        000000
__Ltext2                                  text2        000000
__Ltext3                                  text3        000000
__Ltext4                                  text4        000000
__Ltext5                                  text5        000000
__S0                                      (abs)        0013CE
__S1                                      (abs)        000043
__S4                                      (abs)        000000
__S5                                      (abs)        000000
___heap_hi                                (abs)        000000
___heap_lo                                (abs)        000000
___inthi_sp                               stack        000000
___inthi_stack_hi                         stack        000000
___inthi_stack_lo                         stack        000000
___intlo_sp                               stack        000000
___intlo_stack_hi                         stack        000000
___intlo_stack_lo                         stack        000000
___param_bank                             (abs)        000000
___rparam_used                            (abs)        000001
___sp                                     stack        000000
___stack_hi                               stack        000000
___stack_lo                               stack        000000
__accesstop                               (abs)        000060
__activetblptr                            (abs)        000002
__end_of_Application_intialize            text1        0013C2
__end_of_DC_MOTOR_INITIALIZE              text2        0012F6
__end_of_GPIO_PIN_DIRECTION_INITIALIZE    text5        001114
__end_of_GPIO_PIN_INITIALIZE              text3        001354
__end_of_GPIO_PIN_WRITE_LOGIC             text4        001224
__end_of__initialization                  cinit        001380
__end_of_main                             text0        0013CE
__initialization                          cinit        001354
__mediumconst                             mediumconst  000000
__pbssCOMRAM                              bssCOMRAM    000033
__pcinit                                  cinit        001354
__pcstackCOMRAM                           cstackCOMRAM 000023
__pdataCOMRAM                             dataCOMRAM   000001
__pidataCOMRAM                            idataCOMRAM  00138A
__pnvCOMRAM                               nvCOMRAM     000042
__psmallconst                             smallconst   001000
__ptext0                                  text0        0013C2
__ptext1                                  text1        0013AC
__ptext2                                  text2        001224
__ptext3                                  text3        0012F6
__ptext4                                  text4        001114
__ptext5                                  text5        001002
__ramtop                                  ramtop       001000
__smallconst                              smallconst   001000
_main                                     text0        0013C2
_motor1                                   dataCOMRAM   000021
_motor2                                   dataCOMRAM   00001F
end_of_initialization                     cinit        001380
intlevel0                                 text         000000
intlevel1                                 text         000000
intlevel2                                 text         000000
intlevel3                                 text         000000
isa$std                                   (abs)        000001
isa$xinst                                 (abs)        000000
stackhi                                   (abs)        000000
stacklo                                   (abs)        000000
start                                     init         000004
start_initialization                      cinit        001354


MODULE INFORMATION

Module		Function		Class		Link	Load	Size
Drivers_Main.c
		_Application_intialize		CODE           	13AC	0000	22
		_main          		CODE           	13C2	0000	12

Drivers_Main.c estimated size: 34

shared
		__initialization		CODE           	1354	0000	44

shared estimated size: 44

MCAL/GPIO/HAL_GPIO.c
		_GPIO_PIN_INITIALIZE		CODE           	12F6	0000	94
		_GPIO_PIN_DIRECTION_INITIALIZE		CODE           	1002	0000	274
		_GPIO_PIN_WRITE_LOGIC		CODE           	1114	0000	272

MCAL/GPIO/HAL_GPIO.c estimated size: 640

ECUAL/DC_Motor/ECU_DC_MOTOR.c
		_DC_MOTOR_INITIALIZE		CODE           	1224	0000	210

ECUAL/DC_Motor/ECU_DC_MOTOR.c estimated size: 210

