Microchip MPLAB XC8 Compiler V2.46

Linker command line:

-W-3 \
  --edf=C:\Program Files\Microchip\xc8\v2.46\pic\dat\20240104201356_en.msgs \
  -cn -h+dist/default/production\Interfacing_Drivers.production.sym \
  --cmf=dist/default/production\Interfacing_Drivers.production.cmf -z \
  -Q18F46K20 -oC:\Users\Gharboby\AppData\Local\Temp\xcAs33g.\driver_tmp_3.o \
  --defsym=__MPLAB_BUILD=1 --fixupoverflow=error \
  -Mdist/default/production/Interfacing_Drivers.production.map \
  --md=C:\Users\Gharboby\AppData\Local\Temp\xcAs33g.\driver_tmp_0.dat -E1 \
  -ver=XC8 Compiler --acfsm=1493 -ACODE=00h-0FFFFh -ACONST=00h-0FFFFh \
  -ASMALLCONST=01000h-010FFhx240 -AMEDIUMCONST=01000h-0FFFFh \
  -ACOMRAM=01h-05Fh -AABS1=00h-0F5Fh -ABIGRAM=01h-0F5Fh \
  -ARAM=060h-0FFh,0100h-01FFhx14,0F00h-0F5Fh -ABANK0=060h-0FFh \
  -ABANK1=0100h-01FFh -ABANK2=0200h-02FFh -ABANK3=0300h-03FFh \
  -ABANK4=0400h-04FFh -ABANK5=0500h-05FFh -ABANK6=0600h-06FFh \
  -ABANK7=0700h-07FFh -ABANK8=0800h-08FFh -ABANK9=0900h-09FFh \
  -ABANK10=0A00h-0AFFh -ABANK11=0B00h-0BFFh -ABANK12=0C00h-0CFFh \
  -ABANK13=0D00h-0DFFh -ABANK14=0E00h-0EFFh -ABANK15=0F00h-0F5Fh \
  -ASFR=0F60h-0FFFh -ABIGSFR=0F60h-0FFFh -ACONFIG=0300000h-030000Dh \
  -AIDLOC=0200000h-0200007h -AEEDATA=0F00000h-0F003FFh -peeprom_data=EEDATA \
  -preset_vec=00h,intcode=8h,intcodelo,powerup,init -pramtop=01000h \
  -psmallconst=SMALLCONST -pmediumconst=MEDIUMCONST -pconst=CONST \
  -AFARRAM=00h-00h \
  -prdata=COMRAM,nvrram=COMRAM,nvbit=COMRAM,rbss=COMRAM,rbit=COMRAM \
  -pfarbss=FARRAM,fardata=FARRAM,nvFARRAM=FARRAM \
  -pintsave_regs=BIGRAM,bigbss=BIGRAM,bigdata=BIGRAM -pbss=RAM \
  -pidata=CODE,irdata=CODE,ibigdata=CODE,ifardata=CODE -prparam=COMRAM \
  C:\Users\Gharboby\AppData\Local\Temp\xcAs33g.\driver_tmp_9.o \
  dist/default/production\Interfacing_Drivers.production.o 

Object code version is 3.11

Machine type is 18F46K20



                Name                               Link     Load   Length Selector   Space Scale
C:\Users\Gharboby\AppData\Local\Temp\xcAs33g.\driver_tmp_9.o
                config                           300000   300000        E        0       4
                init                                29E      29E        4        4       0
                reset_vec                             0        0        4        0       0
dist/default/production\Interfacing_Drivers.production.o
                intcode                               8        8      296        4       0
                config                           300000   300000        E        0       4
                temp                                 58       58        1        1       1
                smallconst                         1000     1000       16      800       0
                text38                             1A54     1A54       64      80B       0
                text37                             1F76     1F76       14      80B       0
                text36                             1DF0     1DF0       2E      80B       0
                text35                             1DC2     1DC2       2E      80B       0
                text34                             1D94     1D94       2E      80B       0
                text33                             1F48     1F48       1A      80B       0
                text32                             1F2E     1F2E       1A      80B       0
                text31                             1F14     1F14       1A      80B       0
                text30                             1EFA     1EFA       1A      80B       0
                text28                             1370     1370      112      80B       0
                text27                             1482     1482      110      80B       0
                text26                             1B18     1B18       5E      80B       0
                text25                             1D56     1D56       3E      80B       0
                text24                             1908     1908       70      80B       0
                text23                             1AB8     1AB8       60      80B       0
                text22                             1254     1254      11C      80B       0
                text21                             1D18     1D18       3E      80B       0
                text20                             1632     1632       8C      80B       0
                text19                             1016     1016      122      80B       0
                text18                             1F62     1F62       14      80B       0
                text17                             1F8A     1F8A        6      80B       0
                text16                             1CC8     1CC8       50      80B       0
                text15                             19E6     19E6       6E      80B       0
                text14                             1978     1978       6E      80B       0
                text13                             1138     1138      11C      80B       0
                text12                             16BE     16BE       7A      80B       0
                text11                             1E9C     1E9C       28      80B       0
                text10                             1E72     1E72       2A      80B       0
                text9                              1E48     1E48       2A      80B       0
                text8                              1E1E     1E1E       2A      80B       0
                text7                              1592     1592       A0      80B       0
                text6                              1C74     1C74       54      80B       0
                text5                              1896     1896       72      80B       0
                text4                              17AE     17AE       76      80B       0
                text3                              1738     1738       76      80B       0
                text2                              1C20     1C20       54      80B       0
                text1                              1BCC     1BCC       54      80B       0
                text0                              1824     1824       72      80B       0
                cstackCOMRAM                         40       40       17        1       1
                cstackBANK0                          7A       7A        7       60       1
                dataBANK0                            60       60       1A       60       1
                dataCOMRAM                           24       24       1C        1       1
                bssCOMRAM                             1        1       23        1       1
                cinit                              1B76     1B76       56      80B       0
                nvCOMRAM                             57       57        1        1       1
                idataBANK0                         1EE0     1EE0       1A      80B       0
                idataCOMRAM                        1EC4     1EC4       1C      80B       0

TOTAL           Name                               Link     Load   Length     Space
        CLASS   CODE           
                intcode                               8        8      296         0
                init                                29E      29E        4         0
                reset_vec                             0        0        4         0
                text38                             1A54     1A54       64         0
                text37                             1F76     1F76       14         0
                text36                             1DF0     1DF0       2E         0
                text35                             1DC2     1DC2       2E         0
                text34                             1D94     1D94       2E         0
                text33                             1F48     1F48       1A         0
                text32                             1F2E     1F2E       1A         0
                text31                             1F14     1F14       1A         0
                text30                             1EFA     1EFA       1A         0
                text28                             1370     1370      112         0
                text27                             1482     1482      110         0
                text26                             1B18     1B18       5E         0
                text25                             1D56     1D56       3E         0
                text24                             1908     1908       70         0
                text23                             1AB8     1AB8       60         0
                text22                             1254     1254      11C         0
                text21                             1D18     1D18       3E         0
                text20                             1632     1632       8C         0
                text19                             1016     1016      122         0
                text18                             1F62     1F62       14         0
                text17                             1F8A     1F8A        6         0
                text16                             1CC8     1CC8       50         0
                text15                             19E6     19E6       6E         0
                text14                             1978     1978       6E         0
                text13                             1138     1138      11C         0
                text12                             16BE     16BE       7A         0
                text11                             1E9C     1E9C       28         0
                text10                             1E72     1E72       2A         0
                text9                              1E48     1E48       2A         0
                text8                              1E1E     1E1E       2A         0
                text7                              1592     1592       A0         0
                text6                              1C74     1C74       54         0
                text5                              1896     1896       72         0
                text4                              17AE     17AE       76         0
                text3                              1738     1738       76         0
                text2                              1C20     1C20       54         0
                text1                              1BCC     1BCC       54         0
                text0                              1824     1824       72         0
                cinit                              1B76     1B76       56         0
                idataBANK0                         1EE0     1EE0       1A         0
                idataCOMRAM                        1EC4     1EC4       1C         0

        CLASS   CONST          

        CLASS   SMALLCONST     
                smallconst                         1000     1000       16         0

        CLASS   MEDIUMCONST    

        CLASS   COMRAM         
                temp                                 58       58        1         1
                cstackCOMRAM                         40       40       17         1
                dataCOMRAM                           24       24       1C         1
                bssCOMRAM                             1        1       23         1
                nvCOMRAM                             57       57        1         1

        CLASS   ABS1           

        CLASS   BIGRAM         

        CLASS   RAM            

        CLASS   BANK0          
                cstackBANK0                          7A       7A        7         1
                dataBANK0                            60       60       1A         1

        CLASS   BANK1          

        CLASS   BANK2          

        CLASS   BANK3          

        CLASS   BANK4          

        CLASS   BANK5          

        CLASS   BANK6          

        CLASS   BANK7          

        CLASS   BANK8          

        CLASS   BANK9          

        CLASS   BANK10         

        CLASS   BANK11         

        CLASS   BANK12         

        CLASS   BANK13         

        CLASS   BANK14         

        CLASS   BANK15         

        CLASS   SFR            

        CLASS   BIGSFR         

        CLASS   CONFIG         
                config                           300000   300000        E         4

        CLASS   IDLOC          

        CLASS   EEDATA         

        CLASS   FARRAM         

        CLASS   HEAP           

        CLASS   STACK          



SEGMENTS        Name                           Load    Length   Top    Selector   Space  Class

                reset_vec                      000000  000004  000004         0       0  CODE    
                bssCOMRAM                      000001  000058  000059         1       1  COMRAM  
                intcode                        000008  00029A  0002A2         4       0  CODE    
                dataBANK0                      000060  000021  000081        60       1  BANK0   
                smallconst                     001000  000016  001016       800       0  SMALLCON
                text19                         001016  000F7A  001F90       80B       0  CODE    


UNUSED ADDRESS RANGES

        Name                Unused          Largest block    Delta
        BANK0            000081-0000FF               7F
        BANK1            000100-0001FF              100
        BANK10           000A00-000AFF              100
        BANK11           000B00-000BFF              100
        BANK12           000C00-000CFF              100
        BANK13           000D00-000DFF              100
        BANK14           000E00-000EFF              100
        BANK15           000F00-000F5F               60
        BANK2            000200-0002FF              100
        BANK3            000300-0003FF              100
        BANK4            000400-0004FF              100
        BANK5            000500-0005FF              100
        BANK6            000600-0006FF              100
        BANK7            000700-0007FF              100
        BANK8            000800-0008FF              100
        BANK9            000900-0009FF              100
        BIGRAM           000059-00005F                7
                         000081-000F5F              EDF
        BIGSFR           000F60-000FFF               A0
        CODE             000004-000007                4
                         0002A2-000FFF              D5E
                         001F90-00FFFF             E070
        COMRAM           000059-00005F                7
        CONST            000004-000007                4
                         0002A2-000FFF              D5E
                         001F90-00FFFF             E070
        EEDATA           F00000-F003FF              400
        IDLOC            200000-200007                8
        MEDIUMCONST      001F90-00FFFF             E070
        RAM              000081-000F5F              100
        SFR              000F60-000FFF               A0
        SMALLCONST       001F90-00FFFF              100

                                  Symbol Table

DATA_EEPROM_READ_BYTE@ADD                    cstackCOMRAM 000047
DATA_EEPROM_READ_BYTE@Data                   cstackCOMRAM 000049
DATA_EEPROM_READ_BYTE@Retval                 cstackCOMRAM 00004A
DATA_EEPROM_WRITE_BYTE@ADD                   cstackCOMRAM 000040
DATA_EEPROM_WRITE_BYTE@Data                  cstackCOMRAM 000042
DATA_EEPROM_WRITE_BYTE@GIE_STATUS            cstackCOMRAM 000043
DATA_EEPROM_WRITE_BYTE@Retval                cstackCOMRAM 000044
EXTERNAL_INTERRUPT_INTX_INIT@INTX            cstackCOMRAM 000050
EXTERNAL_INTERRUPT_INTX_INIT@Retval          cstackCOMRAM 000051
GPIO_PIN_DIRECTION_INITIALIZE@Retval         cstackCOMRAM 00004D
GPIO_PIN_DIRECTION_INITIALIZE@_PIN_CONFIG    cstackCOMRAM 000047
GPIO_PIN_INITIALIZE@Retval                   cstackCOMRAM 000051
GPIO_PIN_INITIALIZE@_PIN_CONFIG              cstackCOMRAM 00004F
GPIO_PIN_WRITE_LOGIC@LOGIC                   cstackCOMRAM 000048
GPIO_PIN_WRITE_LOGIC@Retval                  cstackCOMRAM 00004E
GPIO_PIN_WRITE_LOGIC@_PIN_CONFIG             cstackCOMRAM 000047
LCD_4BIT_INITIALIZE@Retval                   cstackBANK0  000080
LCD_4BIT_INITIALIZE@i                        cstackBANK0  00007E
LCD_4BIT_INITIALIZE@lcd                      cstackBANK0  00007C
LCD_4BIT_SEND_COMMAND@Retval                 cstackCOMRAM 000056
LCD_4BIT_SEND_COMMAND@command                cstackBANK0  00007B
LCD_4BIT_SEND_COMMAND@lcd                    cstackBANK0  00007A
LCD_8BIT_INITIALIZE@Retval                   cstackBANK0  00007F
LCD_8BIT_INITIALIZE@i                        cstackBANK0  00007D
LCD_8BIT_INITIALIZE@lcd                      cstackCOMRAM 000055
LCD_8BIT_SEND_COMMAND@Retval                 cstackBANK0  00007A
LCD_8BIT_SEND_COMMAND@command                cstackCOMRAM 000052
LCD_8BIT_SEND_COMMAND@i                      cstackBANK0  00007B
LCD_8BIT_SEND_COMMAND@lcd                    cstackCOMRAM 000051
LED_INITIALIZE@F3739                         bssCOMRAM    000022
LED_INITIALIZE@PIN_OBJ                       cstackCOMRAM 000055
LED_INITIALIZE@Retval                        cstackCOMRAM 000054
LED_INITIALIZE@led                           cstackCOMRAM 000052
LED_TOGGLE@F3754                             bssCOMRAM    00001F
LED_Turn_OFF@F3749                           bssCOMRAM    000020
LED_Turn_OFF@PIN_OBJ                         cstackCOMRAM 000052
LED_Turn_OFF@Retval                          cstackCOMRAM 000051
LED_Turn_OFF@led                             cstackCOMRAM 00004F
LED_Turn_ON@F3744                            bssCOMRAM    000021
LED_Turn_ON@PIN_OBJ                          cstackCOMRAM 000052
LED_Turn_ON@Retval                           cstackCOMRAM 000051
LED_Turn_ON@led                              cstackCOMRAM 00004F
RB4_ISR@rb4                                  cstackCOMRAM 000040
RB5_ISR@rb5                                  cstackCOMRAM 000040
RB6_ISR@rb6                                  cstackCOMRAM 000040
RB7_ISR@rb7                                  cstackCOMRAM 000040
RELAY_INITIALIZE@F3737                       bssCOMRAM    00001E
RELAY_TURN_OFF@F3749                         bssCOMRAM    00001C
RELAY_TURN_ON@F3743                          bssCOMRAM    00001D
_Application_intialize                       text17       001F8A
_DATA_EEPROM_READ_BYTE                       text16       001CC8
_DATA_EEPROM_WRITE_BYTE                      text38       001A54
_ECU_LAYER_INITIALIZE                        text18       001F62
_EEADR                                       (abs)        000FA9
_EEADRH                                      (abs)        000FAA
_EECON1bits                                  (abs)        000FA6
_EECON2                                      (abs)        000FA7
_EEDATA                                      (abs)        000FA8
_EXTERNAL_INTERRUPT_INTX_INIT                text6        001C74
_GPIO_PIN_DIRECTION_INITIALIZE               text28       001370
_GPIO_PIN_INITIALIZE                         text26       001B18
_GPIO_PIN_WRITE_LOGIC                        text27       001482
_INT0_ISR                                    text36       001DF0
_INT1_ISR                                    text35       001DC2
_INT2_ISR                                    text34       001D94
_INTCON2bits                                 (abs)        000FF1
_INTCON3bits                                 (abs)        000FF0
_INTCONbits                                  (abs)        000FF2
_IOCBbits                                    (abs)        000F7D
_KEYPAD_VALUES                               smallconst   001001
_LATA                                        (abs)        000F89
_LATB                                        (abs)        000F8A
_LATC                                        (abs)        000F8B
_LATD                                        (abs)        000F8C
_LATE                                        (abs)        000F8D
_LAT_REG                                     dataCOMRAM   000024
_LCD_4BIT_INITIALIZE                         text22       001254
_LCD_4BIT_SEND_COMMAND                       text23       001AB8
_LCD_8BIT_INITIALIZE                         text19       001016
_LCD_8BIT_SEND_COMMAND                       text20       001632
_LED_INITIALIZE                              text5        001896
_LED_Turn_OFF                                text4        0017AE
_LED_Turn_ON                                 text3        001738
_PORTA                                       (abs)        000F80
_PORTB                                       (abs)        000F81
_PORTBbits                                   (abs)        000F81
_PORTC                                       (abs)        000F82
_PORTD                                       (abs)        000F83
_PORTE                                       (abs)        000F84
_PORT_REG                                    dataBANK0    000060
_RB4_ISR                                     text33       001F48
_RB4_interrupt_handler_HIGH                  bssCOMRAM    00000D
_RB4_interrupt_handler_LOW                   bssCOMRAM    00000F
_RB5_ISR                                     text32       001F2E
_RB5_interrupt_handler_HIGH                  bssCOMRAM    000009
_RB5_interrupt_handler_LOW                   bssCOMRAM    00000B
_RB6_ISR                                     text31       001F14
_RB6_interrupt_handler_HIGH                  bssCOMRAM    000005
_RB6_interrupt_handler_LOW                   bssCOMRAM    000007
_RB7_ISR                                     text30       001EFA
_RB7_interrupt_handler_HIGH                  bssCOMRAM    000001
_RB7_interrupt_handler_LOW                   bssCOMRAM    000003
_Ret                                         nvCOMRAM     000057
_TRISA                                       (abs)        000F92
_TRISB                                       (abs)        000F93
_TRISC                                       (abs)        000F94
_TRISD                                       (abs)        000F95
_TRISE                                       (abs)        000F96
_TRIS_REG                                    dataCOMRAM   00002E
__HRAM                                       (abs)        000000
__H__absolute__                              __absolute__ 000000
__Habs1                                      abs1         000000
__Hbank0                                     bank0        000000
__Hbank1                                     bank1        000000
__Hbank10                                    bank10       000000
__Hbank11                                    bank11       000000
__Hbank12                                    bank12       000000
__Hbank13                                    bank13       000000
__Hbank14                                    bank14       000000
__Hbank15                                    bank15       000000
__Hbank2                                     bank2        000000
__Hbank3                                     bank3        000000
__Hbank4                                     bank4        000000
__Hbank5                                     bank5        000000
__Hbank6                                     bank6        000000
__Hbank7                                     bank7        000000
__Hbank8                                     bank8        000000
__Hbank9                                     bank9        000000
__Hbigbss                                    bigbss       000000
__Hbigdata                                   bigdata      000000
__Hbigram                                    bigram       000000
__Hbigsfr                                    bigsfr       000000
__Hbss                                       bss          000000
__HbssCOMRAM                                 bssCOMRAM    000000
__Hcinit                                     cinit        000000
__Hclrtext                                   clrtext      000000
__Hcomram                                    comram       000000
__Hconfig                                    config       30000E
__Hconst                                     const        000000
__HcstackBANK0                               cstackBANK0  000000
__HcstackCOMRAM                              cstackCOMRAM 000000
__Hdata                                      data         000000
__HdataBANK0                                 dataBANK0    000000
__HdataCOMRAM                                dataCOMRAM   000000
__Heeprom_data                               eeprom_data  000000
__Hfarbss                                    farbss       000000
__Hfardata                                   fardata      000000
__Hheap                                      heap         000000
__Hibigdata                                  ibigdata     000000
__Hidata                                     idata        000000
__HidataBANK0                                idataBANK0   000000
__HidataCOMRAM                               idataCOMRAM  000000
__Hidloc                                     idloc        000000
__Hifardata                                  ifardata     000000
__Hinit                                      init         0002A2
__Hintcode                                   intcode      00029E
__Hintcode_body                              intcode_body 000000
__Hintcodelo                                 intcodelo    00029E
__Hintentry                                  intentry     000000
__Hintret                                    intret       000000
__Hintsave_regs                              intsave_regs 000000
__Hirdata                                    irdata       000000
__Hmediumconst                               mediumconst  000000
__HnvCOMRAM                                  nvCOMRAM     000000
__HnvFARRAM                                  nvFARRAM     000000
__Hnvbit                                     nvbit        000000
__Hnvrram                                    nvrram       000000
__Hparam                                     rparam       000000
__Hpowerup                                   powerup      00029E
__Hram                                       ram          000000
__Hramtop                                    ramtop       001000
__Hrbit                                      rbit         000000
__Hrbss                                      rbss         000000
__Hrdata                                     rdata        000000
__Hreset_vec                                 reset_vec    000004
__Hrparam                                    rparam       000000
__Hsfr                                       sfr          000000
__Hsivt_hi                                   sivt_hi      000000
__Hsivt_lo                                   sivt_lo      000000
__Hsmallconst                                smallconst   001016
__Hspace_0                                   (abs)        001F90
__Hspace_1                                   (abs)        000081
__Hspace_2                                   (abs)        000000
__Hspace_4                                   (abs)        60000E
__Hstack                                     stack        000000
__Hstruct                                    struct       000000
__Htemp                                      temp         000059
__Htext                                      text         000000
__Htext0                                     text0        000000
__Htext1                                     text1        000000
__Htext10                                    text10       000000
__Htext11                                    text11       000000
__Htext12                                    text12       000000
__Htext13                                    text13       000000
__Htext14                                    text14       000000
__Htext15                                    text15       000000
__Htext16                                    text16       000000
__Htext17                                    text17       000000
__Htext18                                    text18       000000
__Htext19                                    text19       000000
__Htext2                                     text2        000000
__Htext20                                    text20       000000
__Htext21                                    text21       000000
__Htext22                                    text22       000000
__Htext23                                    text23       000000
__Htext24                                    text24       000000
__Htext25                                    text25       000000
__Htext26                                    text26       000000
__Htext27                                    text27       000000
__Htext28                                    text28       000000
__Htext3                                     text3        000000
__Htext30                                    text30       000000
__Htext31                                    text31       000000
__Htext32                                    text32       000000
__Htext33                                    text33       000000
__Htext34                                    text34       000000
__Htext35                                    text35       000000
__Htext36                                    text36       000000
__Htext37                                    text37       000000
__Htext38                                    text38       000000
__Htext4                                     text4        000000
__Htext5                                     text5        000000
__Htext6                                     text6        000000
__Htext7                                     text7        000000
__Htext8                                     text8        000000
__Htext9                                     text9        000000
__LRAM                                       (abs)        000001
__L__absolute__                              __absolute__ 000000
__Labs1                                      abs1         000000
__Lbank0                                     bank0        000000
__Lbank1                                     bank1        000000
__Lbank10                                    bank10       000000
__Lbank11                                    bank11       000000
__Lbank12                                    bank12       000000
__Lbank13                                    bank13       000000
__Lbank14                                    bank14       000000
__Lbank15                                    bank15       000000
__Lbank2                                     bank2        000000
__Lbank3                                     bank3        000000
__Lbank4                                     bank4        000000
__Lbank5                                     bank5        000000
__Lbank6                                     bank6        000000
__Lbank7                                     bank7        000000
__Lbank8                                     bank8        000000
__Lbank9                                     bank9        000000
__Lbigbss                                    bigbss       000000
__Lbigdata                                   bigdata      000000
__Lbigram                                    bigram       000000
__Lbigsfr                                    bigsfr       000000
__Lbss                                       bss          000000
__LbssCOMRAM                                 bssCOMRAM    000000
__Lcinit                                     cinit        000000
__Lclrtext                                   clrtext      000000
__Lcomram                                    comram       000000
__Lconfig                                    config       000000
__Lconst                                     const        000000
__LcstackBANK0                               cstackBANK0  000000
__LcstackCOMRAM                              cstackCOMRAM 000000
__Ldata                                      data         000000
__LdataBANK0                                 dataBANK0    000000
__LdataCOMRAM                                dataCOMRAM   000000
__Leeprom_data                               eeprom_data  000000
__Lfarbss                                    farbss       000000
__Lfardata                                   fardata      000000
__Lheap                                      heap         000000
__Libigdata                                  ibigdata     000000
__Lidata                                     idata        000000
__LidataBANK0                                idataBANK0   000000
__LidataCOMRAM                               idataCOMRAM  000000
__Lidloc                                     idloc        000000
__Lifardata                                  ifardata     000000
__Linit                                      init         00029E
__Lintcode                                   intcode      000008
__Lintcode_body                              intcode_body 000000
__Lintcodelo                                 intcodelo    00029E
__Lintentry                                  intentry     000000
__Lintret                                    intret       000000
__Lintsave_regs                              intsave_regs 000000
__Lirdata                                    irdata       000000
__Lmediumconst                               mediumconst  000000
__LnvCOMRAM                                  nvCOMRAM     000000
__LnvFARRAM                                  nvFARRAM     000000
__Lnvbit                                     nvbit        000000
__Lnvrram                                    nvrram       000000
__Lparam                                     rparam       000000
__Lpowerup                                   powerup      00029E
__Lram                                       ram          000000
__Lramtop                                    ramtop       001000
__Lrbit                                      rbit         000000
__Lrbss                                      rbss         000000
__Lrdata                                     rdata        000000
__Lreset_vec                                 reset_vec    000000
__Lrparam                                    rparam       000000
__Lsfr                                       sfr          000000
__Lsivt_hi                                   sivt_hi      000000
__Lsivt_lo                                   sivt_lo      000000
__Lsmallconst                                smallconst   001000
__Lspace_0                                   (abs)        000000
__Lspace_1                                   (abs)        000000
__Lspace_2                                   (abs)        000000
__Lspace_4                                   (abs)        000000
__Lstack                                     stack        000000
__Lstruct                                    struct       000000
__Ltemp                                      temp         000058
__Ltext                                      text         000000
__Ltext0                                     text0        000000
__Ltext1                                     text1        000000
__Ltext10                                    text10       000000
__Ltext11                                    text11       000000
__Ltext12                                    text12       000000
__Ltext13                                    text13       000000
__Ltext14                                    text14       000000
__Ltext15                                    text15       000000
__Ltext16                                    text16       000000
__Ltext17                                    text17       000000
__Ltext18                                    text18       000000
__Ltext19                                    text19       000000
__Ltext2                                     text2        000000
__Ltext20                                    text20       000000
__Ltext21                                    text21       000000
__Ltext22                                    text22       000000
__Ltext23                                    text23       000000
__Ltext24                                    text24       000000
__Ltext25                                    text25       000000
__Ltext26                                    text26       000000
__Ltext27                                    text27       000000
__Ltext28                                    text28       000000
__Ltext3                                     text3        000000
__Ltext30                                    text30       000000
__Ltext31                                    text31       000000
__Ltext32                                    text32       000000
__Ltext33                                    text33       000000
__Ltext34                                    text34       000000
__Ltext35                                    text35       000000
__Ltext36                                    text36       000000
__Ltext37                                    text37       000000
__Ltext38                                    text38       000000
__Ltext4                                     text4        000000
__Ltext5                                     text5        000000
__Ltext6                                     text6        000000
__Ltext7                                     text7        000000
__Ltext8                                     text8        000000
__Ltext9                                     text9        000000
__S0                                         (abs)        001F90
__S1                                         (abs)        000081
__S4                                         (abs)        000000
__S5                                         (abs)        000000
___heap_hi                                   (abs)        000000
___heap_lo                                   (abs)        000000
___inthi_sp                                  stack        000000
___inthi_stack_hi                            stack        000000
___inthi_stack_lo                            stack        000000
___intlo_sp                                  stack        000000
___intlo_stack_hi                            stack        000000
___intlo_stack_lo                            stack        000000
___param_bank                                (abs)        000000
___rparam_used                               (abs)        000001
___sp                                        stack        000000
___stack_hi                                  stack        000000
___stack_lo                                  stack        000000
__accesstop                                  (abs)        000060
__activetblptr                               (abs)        000003
__end_of_Application_intialize               text17       001F90
__end_of_DATA_EEPROM_READ_BYTE               text16       001D18
__end_of_DATA_EEPROM_WRITE_BYTE              text38       001AB8
__end_of_ECU_LAYER_INITIALIZE                text18       001F76
__end_of_EXTERNAL_INTERRUPT_INTX_INIT        text6        001CC8
__end_of_GPIO_PIN_DIRECTION_INITIALIZE       text28       001482
__end_of_GPIO_PIN_INITIALIZE                 text26       001B76
__end_of_GPIO_PIN_WRITE_LOGIC                text27       001592
__end_of_INT0_ISR                            text36       001E1E
__end_of_INT1_ISR                            text35       001DF0
__end_of_INT2_ISR                            text34       001DC2
__end_of_KEYPAD_VALUES                       smallconst   001011
__end_of_LCD_4BIT_INITIALIZE                 text22       001370
__end_of_LCD_4BIT_SEND_COMMAND               text23       001B18
__end_of_LCD_8BIT_INITIALIZE                 text19       001138
__end_of_LCD_8BIT_SEND_COMMAND               text20       0016BE
__end_of_LED_INITIALIZE                      text5        001908
__end_of_LED_Turn_OFF                        text4        001824
__end_of_LED_Turn_ON                         text3        0017AE
__end_of_RB4_ISR                             text33       001F62
__end_of_RB5_ISR                             text32       001F48
__end_of_RB6_ISR                             text31       001F2E
__end_of_RB7_ISR                             text30       001F14
__end_of__initialization                     cinit        001BC2
__end_of_int0_ISR_TT                         text37       001F8A
__end_of_int0_set_interrupt_handler          text10       001E9C
__end_of_int1_set_interrupt_handler          text9        001E72
__end_of_int2_set_interrupt_handler          text8        001E48
__end_of_interrupt_intx_clear_flag           text15       001A54
__end_of_interrupt_intx_disable              text14       0019E6
__end_of_interrupt_intx_edge_init            text13       001254
__end_of_interrupt_intx_enable               text12       001738
__end_of_interrupt_intx_pin_init             text11       001EC4
__end_of_interrupt_manager                   intcode      00029E
__end_of_lcd_4bit_send_enable_signal         text25       001D94
__end_of_lcd_8bit_send_enable_signal         text21       001D56
__end_of_lcd_send_4bits                      text24       001978
__end_of_main                                text0        001896
__end_of_program1                            text2        001C74
__end_of_program2                            text1        001C20
__end_of_set_interrupt_intx_to_handle        text7        001632
__initialization                             cinit        001B76
__mediumconst                                mediumconst  000000
__pbssCOMRAM                                 bssCOMRAM    000001
__pcinit                                     cinit        001B76
__pcstackBANK0                               cstackBANK0  00007A
__pcstackCOMRAM                              cstackCOMRAM 000040
__pdataBANK0                                 dataBANK0    000060
__pdataCOMRAM                                dataCOMRAM   000024
__pidataBANK0                                idataBANK0   001EE0
__pidataCOMRAM                               idataCOMRAM  001EC4
__pintcode                                   intcode      000008
__pnvCOMRAM                                  nvCOMRAM     000057
__psmallconst                                smallconst   001000
__ptext0                                     text0        001824
__ptext1                                     text1        001BCC
__ptext10                                    text10       001E72
__ptext11                                    text11       001E9C
__ptext12                                    text12       0016BE
__ptext13                                    text13       001138
__ptext14                                    text14       001978
__ptext15                                    text15       0019E6
__ptext16                                    text16       001CC8
__ptext17                                    text17       001F8A
__ptext18                                    text18       001F62
__ptext19                                    text19       001016
__ptext2                                     text2        001C20
__ptext20                                    text20       001632
__ptext21                                    text21       001D18
__ptext22                                    text22       001254
__ptext23                                    text23       001AB8
__ptext24                                    text24       001908
__ptext25                                    text25       001D56
__ptext26                                    text26       001B18
__ptext27                                    text27       001482
__ptext28                                    text28       001370
__ptext3                                     text3        001738
__ptext30                                    text30       001EFA
__ptext31                                    text31       001F14
__ptext32                                    text32       001F2E
__ptext33                                    text33       001F48
__ptext34                                    text34       001D94
__ptext35                                    text35       001DC2
__ptext36                                    text36       001DF0
__ptext37                                    text37       001F76
__ptext38                                    text38       001A54
__ptext4                                     text4        0017AE
__ptext5                                     text5        001896
__ptext6                                     text6        001C74
__ptext7                                     text7        001592
__ptext8                                     text8        001E1E
__ptext9                                     text9        001E48
__ramtop                                     ramtop       001000
__smallconst                                 smallconst   001000
_counter                                     bssCOMRAM    000017
_int0                                        dataBANK0    000074
_int0_ISR_TT                                 text37       001F76
_int0_interrupt_handler                      bssCOMRAM    000015
_int0_set_interrupt_handler                  text10       001E72
_int1_interrupt_handler                      bssCOMRAM    000013
_int1_set_interrupt_handler                  text9        001E48
_int2_interrupt_handler                      bssCOMRAM    000011
_int2_set_interrupt_handler                  text8        001E1E
_interrupt_intx_clear_flag                   text15       0019E6
_interrupt_intx_disable                      text14       001978
_interrupt_intx_edge_init                    text13       001138
_interrupt_intx_enable                       text12       0016BE
_interrupt_intx_pin_init                     text11       001E9C
_interrupt_manager                           intcode      000008
_lcd1                                        dataCOMRAM   000038
_lcd2                                        dataBANK0    00006A
_lcd_4bit_send_enable_signal                 text25       001D56
_lcd_8bit_send_enable_signal                 text21       001D18
_lcd_send_4bits                              text24       001908
_led1                                        dataCOMRAM   00003F
_led2                                        dataCOMRAM   00003E
_main                                        text0        001824
_program1                                    text2        001C20
_program2                                    text1        001BCC
_rb4_flag                                    bssCOMRAM    00001B
_rb5_flag                                    bssCOMRAM    00001A
_rb6_flag                                    bssCOMRAM    000019
_rb7_flag                                    bssCOMRAM    000018
_set_interrupt_intx_to_handle                text7        001592
_tt                                          bssCOMRAM    000023
btemp                                        temp         000058
end_of_initialization                        cinit        001BC2
int$flags                                    temp         000058
int0_set_interrupt_handler@Retval            cstackCOMRAM 000049
int0_set_interrupt_handler@interrupt_handler cstackCOMRAM 000047
int1_set_interrupt_handler@Retval            cstackCOMRAM 000049
int1_set_interrupt_handler@interrupt_handler cstackCOMRAM 000047
int2_set_interrupt_handler@Retval            cstackCOMRAM 000049
int2_set_interrupt_handler@interrupt_handler cstackCOMRAM 000047
interrupt_intx_clear_flag@INTX               cstackCOMRAM 000047
interrupt_intx_clear_flag@Retval             cstackCOMRAM 00004A
interrupt_intx_disable@INTX                  cstackCOMRAM 000047
interrupt_intx_disable@Retval                cstackCOMRAM 00004A
interrupt_intx_edge_init@INTX                cstackCOMRAM 000047
interrupt_intx_edge_init@Retval              cstackCOMRAM 00004A
interrupt_intx_enable@INTX                   cstackCOMRAM 000047
interrupt_intx_enable@Retval                 cstackCOMRAM 00004A
interrupt_intx_pin_init@INTX                 cstackCOMRAM 00004E
interrupt_intx_pin_init@Retval               cstackCOMRAM 00004F
intlevel0                                    text         000000
intlevel1                                    text         000000
intlevel2                                    text         000000
intlevel3                                    text         000000
isa$std                                      (abs)        000001
isa$xinst                                    (abs)        000000
lcd_4bit_send_enable_signal@Retval           cstackCOMRAM 000050
lcd_4bit_send_enable_signal@lcd              cstackCOMRAM 00004F
lcd_8bit_send_enable_signal@Retval           cstackCOMRAM 000050
lcd_8bit_send_enable_signal@lcd              cstackCOMRAM 00004F
lcd_send_4bits@Retval                        cstackCOMRAM 000053
lcd_send_4bits@_data_command                 cstackCOMRAM 000050
lcd_send_4bits@i                             cstackCOMRAM 000054
lcd_send_4bits@lcd                           cstackCOMRAM 00004F
set_interrupt_intx_to_handle@INTX            cstackCOMRAM 00004A
set_interrupt_intx_to_handle@Retval          cstackCOMRAM 00004D
stackhi                                      (abs)        000000
stacklo                                      (abs)        000000
start                                        init         00029E
start_initialization                         cinit        001B76
ttemp5                                       temp         000059
ttemp6                                       temp         00005C
ttemp7                                       temp         000060
wtemp8                                       temp         000059


MODULE INFORMATION

Module		Function		Class		Link	Load	Size
Drivers_Main.c
		_Application_intialize		CODE           	1F8A	0000	6
		_int0_ISR_TT   		CODE           	1F76	0000	20
		_main          		CODE           	1824	0000	114
		_program1      		CODE           	1C20	0000	84
		_program2      		CODE           	1BCC	0000	84

Drivers_Main.c estimated size: 308

MCAL/EEPROM/HAL_EEPROM.c
		_DATA_EEPROM_READ_BYTE		CODE           	1CC8	0000	80
		_DATA_EEPROM_WRITE_BYTE		CODE           	1A54	0000	100

MCAL/EEPROM/HAL_EEPROM.c estimated size: 180

MCAL/Interrupt/MCAL_external_interrupt.c
		_interrupt_intx_pin_init		CODE           	1E9C	0000	40
		_interrupt_intx_disable		CODE           	1978	0000	110
		_RB4_ISR       		CODE           	1F48	0000	26
		_RB5_ISR       		CODE           	1F2E	0000	26
		_int0_set_interrupt_handler		CODE           	1E72	0000	42
		_RB6_ISR       		CODE           	1F14	0000	26
		_RB7_ISR       		CODE           	1EFA	0000	26
		_int1_set_interrupt_handler		CODE           	1E48	0000	42
		_int2_set_interrupt_handler		CODE           	1E1E	0000	42
		_interrupt_intx_edge_init		CODE           	1138	0000	284
		_interrupt_intx_clear_flag		CODE           	19E6	0000	110
		_EXTERNAL_INTERRUPT_INTX_INIT		CODE           	1C74	0000	84
		_set_interrupt_intx_to_handle		CODE           	1592	0000	160
		_interrupt_intx_enable		CODE           	16BE	0000	122
		_INT0_ISR      		CODE           	1DF0	0000	46
		_INT1_ISR      		CODE           	1DC2	0000	46
		_INT2_ISR      		CODE           	1D94	0000	46

MCAL/Interrupt/MCAL_external_interrupt.c estimated size: 1278

ECUAL/ECU_INIT.c
		_ECU_LAYER_INITIALIZE		CODE           	1F62	0000	20

ECUAL/ECU_INIT.c estimated size: 20

ECUAL/CHR_LCD/ECU_CHR_LCD.c
		_lcd_8bit_send_enable_signal		CODE           	1D18	0000	62
		_lcd_send_4bits		CODE           	1908	0000	112
		_LCD_8BIT_INITIALIZE		CODE           	1016	0000	290
		_LCD_8BIT_SEND_COMMAND		CODE           	1632	0000	140
		_lcd_4bit_send_enable_signal		CODE           	1D56	0000	62
		_LCD_4BIT_INITIALIZE		CODE           	1254	0000	284
		_LCD_4BIT_SEND_COMMAND		CODE           	1AB8	0000	96

ECUAL/CHR_LCD/ECU_CHR_LCD.c estimated size: 1046

shared
		_KEYPAD_VALUES 		SMALLCONST     	1001	0000	16
		__initialization		CODE           	1B76	0000	76

shared estimated size: 92

MCAL/GPIO/HAL_GPIO.c
		_GPIO_PIN_INITIALIZE		CODE           	1B18	0000	94
		_GPIO_PIN_DIRECTION_INITIALIZE		CODE           	1370	0000	274
		_GPIO_PIN_WRITE_LOGIC		CODE           	1482	0000	272

MCAL/GPIO/HAL_GPIO.c estimated size: 640

ECUAL/LED/ECU_LED.c
		_LED_INITIALIZE		CODE           	1896	0000	114
		_LED_Turn_ON   		CODE           	1738	0000	118
		_LED_Turn_OFF  		CODE           	17AE	0000	118

ECUAL/LED/ECU_LED.c estimated size: 350

MCAL/Interrupt/MCAL_interrupt_manager.c
		_interrupt_manager		CODE           	0008	0000	662

MCAL/Interrupt/MCAL_interrupt_manager.c estimated size: 662

