Microchip MPLAB XC8 Compiler V2.46

Linker command line:

-W-3 \
  --edf=C:\Program Files\Microchip\xc8\v2.46\pic\dat\20240104201356_en.msgs \
  -cn -h+dist/default/production\Interfacing_Drivers.production.sym \
  --cmf=dist/default/production\Interfacing_Drivers.production.cmf -z \
  -Q18F46K20 -oC:\Users\Gharboby\AppData\Local\Temp\xcAs8io.\driver_tmp_3.o \
  --defsym=__MPLAB_BUILD=1 --fixupoverflow=error \
  -Mdist/default/production/Interfacing_Drivers.production.map \
  --md=C:\Users\Gharboby\AppData\Local\Temp\xcAs8io.\driver_tmp_0.dat -E1 \
  -ver=XC8 Compiler --acfsm=1493 -ACODE=00h-0FFFFh -ACONST=00h-0FFFFh \
  -ASMALLCONST=01000h-010FFhx240 -AMEDIUMCONST=01000h-0FFFFh \
  -ACOMRAM=01h-05Fh -AABS1=00h-0F5Fh -ABIGRAM=01h-0F5Fh \
  -ARAM=060h-0FFh,0100h-01FFhx14,0F00h-0F5Fh -ABANK0=060h-0FFh \
  -ABANK1=0100h-01FFh -ABANK2=0200h-02FFh -ABANK3=0300h-03FFh \
  -ABANK4=0400h-04FFh -ABANK5=0500h-05FFh -ABANK6=0600h-06FFh \
  -ABANK7=0700h-07FFh -ABANK8=0800h-08FFh -ABANK9=0900h-09FFh \
  -ABANK10=0A00h-0AFFh -ABANK11=0B00h-0BFFh -ABANK12=0C00h-0CFFh \
  -ABANK13=0D00h-0DFFh -ABANK14=0E00h-0EFFh -ABANK15=0F00h-0F5Fh \
  -ASFR=0F60h-0FFFh -ABIGSFR=0F60h-0FFFh -ACONFIG=0300000h-030000Dh \
  -AIDLOC=0200000h-0200007h -AEEDATA=0F00000h-0F003FFh -peeprom_data=EEDATA \
  -preset_vec=00h,intcode=8h,intcodelo,powerup,init -pramtop=01000h \
  -psmallconst=SMALLCONST -pmediumconst=MEDIUMCONST -pconst=CONST \
  -AFARRAM=00h-00h \
  -prdata=COMRAM,nvrram=COMRAM,nvbit=COMRAM,rbss=COMRAM,rbit=COMRAM \
  -pfarbss=FARRAM,fardata=FARRAM,nvFARRAM=FARRAM \
  -pintsave_regs=BIGRAM,bigbss=BIGRAM,bigdata=BIGRAM -pbss=RAM \
  -pidata=CODE,irdata=CODE,ibigdata=CODE,ifardata=CODE -prparam=COMRAM \
  C:\Users\Gharboby\AppData\Local\Temp\xcAs8io.\driver_tmp_9.o \
  dist/default/production\Interfacing_Drivers.production.o 

Object code version is 3.11

Machine type is 18F46K20



                Name                               Link     Load   Length Selector   Space Scale
C:\Users\Gharboby\AppData\Local\Temp\xcAs8io.\driver_tmp_9.o
                config                           300000   300000        E        0       4
                init                                2BE      2BE        4        4       0
                reset_vec                             0        0        4        0       0
dist/default/production\Interfacing_Drivers.production.o
                intcode                               8        8      2B6        4       0
                config                           300000   300000        E        0       4
                temp                                 4C       4C        1        1       1
                smallconst                         1000     1000       16      800       0
                text33                             1DE4     1DE4        4      80B       0
                text32                             1DE0     1DE0        4      80B       0
                text31                             1DDC     1DDC        4      80B       0
                text30                             1598     1598      110      80B       0
                text29                             1A92     1A92       76      80B       0
                text28                             1A1C     1A1C       76      80B       0
                text27                             1DCA     1DCA        C      80B       0
                text26                             1DBE     1DBE        C      80B       0
                text25                             1DB2     1DB2        C      80B       0
                text24                             1DA6     1DA6        C      80B       0
                text23                             1D9A     1D9A        C      80B       0
                text22                             1D8E     1D8E        C      80B       0
                text21                             1D82     1D82        C      80B       0
                text20                             1D76     1D76        C      80B       0
                text19                             18B0     18B0       7E      80B       0
                text18                             1832     1832       7E      80B       0
                text17                             17B4     17B4       7E      80B       0
                text16                             1736     1736       7E      80B       0
                text14                             1266     1266      112      80B       0
                text13                             1488     1488      110      80B       0
                text12                             1BD4     1BD4       64      80B       0
                text11                             1CD2     1CD2       44      80B       0
                text10                             19A6     19A6       76      80B       0
                text9                              1B08     1B08       68      80B       0
                text8                              114A     114A      11C      80B       0
                text7                              1C8E     1C8E       44      80B       0
                text6                              16A8     16A8       8E      80B       0
                text5                              1016     1016      134      80B       0
                text4                              1D52     1D52       16      80B       0
                text3                              1DD6     1DD6        6      80B       0
                text2                              1378     1378      110      80B       0
                text1                              192E     192E       78      80B       0
                text0                              1B70     1B70       64      80B       0
                cstackCOMRAM                         22       22       1B        1       1
                cstackBANK0                          9C       9C        F       60       1
                dataBANK0                            60       60       3C       60       1
                dataCOMRAM                           3D       3D        E        1       1
                bssCOMRAM                             1        1       21        1       1
                cinit                              1C38     1C38       56      80B       0
                nvCOMRAM                             4B       4B        1        1       1
                idataBANK0                         1D16     1D16       3C      80B       0
                idataCOMRAM                        1D68     1D68        E      80B       0

TOTAL           Name                               Link     Load   Length     Space
        CLASS   CODE           
                intcode                               8        8      2B6         0
                init                                2BE      2BE        4         0
                reset_vec                             0        0        4         0
                text33                             1DE4     1DE4        4         0
                text32                             1DE0     1DE0        4         0
                text31                             1DDC     1DDC        4         0
                text30                             1598     1598      110         0
                text29                             1A92     1A92       76         0
                text28                             1A1C     1A1C       76         0
                text27                             1DCA     1DCA        C         0
                text26                             1DBE     1DBE        C         0
                text25                             1DB2     1DB2        C         0
                text24                             1DA6     1DA6        C         0
                text23                             1D9A     1D9A        C         0
                text22                             1D8E     1D8E        C         0
                text21                             1D82     1D82        C         0
                text20                             1D76     1D76        C         0
                text19                             18B0     18B0       7E         0
                text18                             1832     1832       7E         0
                text17                             17B4     17B4       7E         0
                text16                             1736     1736       7E         0
                text14                             1266     1266      112         0
                text13                             1488     1488      110         0
                text12                             1BD4     1BD4       64         0
                text11                             1CD2     1CD2       44         0
                text10                             19A6     19A6       76         0
                text9                              1B08     1B08       68         0
                text8                              114A     114A      11C         0
                text7                              1C8E     1C8E       44         0
                text6                              16A8     16A8       8E         0
                text5                              1016     1016      134         0
                text4                              1D52     1D52       16         0
                text3                              1DD6     1DD6        6         0
                text2                              1378     1378      110         0
                text1                              192E     192E       78         0
                text0                              1B70     1B70       64         0
                cinit                              1C38     1C38       56         0
                idataBANK0                         1D16     1D16       3C         0
                idataCOMRAM                        1D68     1D68        E         0

        CLASS   CONST          

        CLASS   SMALLCONST     
                smallconst                         1000     1000       16         0

        CLASS   MEDIUMCONST    

        CLASS   COMRAM         
                temp                                 4C       4C        1         1
                cstackCOMRAM                         22       22       1B         1
                dataCOMRAM                           3D       3D        E         1
                bssCOMRAM                             1        1       21         1
                nvCOMRAM                             4B       4B        1         1

        CLASS   ABS1           

        CLASS   BIGRAM         

        CLASS   RAM            

        CLASS   BANK0          
                cstackBANK0                          9C       9C        F         1
                dataBANK0                            60       60       3C         1

        CLASS   BANK1          

        CLASS   BANK2          

        CLASS   BANK3          

        CLASS   BANK4          

        CLASS   BANK5          

        CLASS   BANK6          

        CLASS   BANK7          

        CLASS   BANK8          

        CLASS   BANK9          

        CLASS   BANK10         

        CLASS   BANK11         

        CLASS   BANK12         

        CLASS   BANK13         

        CLASS   BANK14         

        CLASS   BANK15         

        CLASS   SFR            

        CLASS   BIGSFR         

        CLASS   CONFIG         
                config                           300000   300000        E         4

        CLASS   IDLOC          

        CLASS   EEDATA         

        CLASS   FARRAM         

        CLASS   HEAP           

        CLASS   STACK          



SEGMENTS        Name                           Load    Length   Top    Selector   Space  Class

                reset_vec                      000000  000004  000004         0       0  CODE    
                bssCOMRAM                      000001  00004C  00004D         1       1  COMRAM  
                intcode                        000008  0002BA  0002C2         4       0  CODE    
                dataBANK0                      000060  00004B  0000AB        60       1  BANK0   
                smallconst                     001000  000016  001016       800       0  SMALLCON
                text5                          001016  000DD2  001DE8       80B       0  CODE    


UNUSED ADDRESS RANGES

        Name                Unused          Largest block    Delta
        BANK0            0000AB-0000FF               55
        BANK1            000100-0001FF              100
        BANK10           000A00-000AFF              100
        BANK11           000B00-000BFF              100
        BANK12           000C00-000CFF              100
        BANK13           000D00-000DFF              100
        BANK14           000E00-000EFF              100
        BANK15           000F00-000F5F               60
        BANK2            000200-0002FF              100
        BANK3            000300-0003FF              100
        BANK4            000400-0004FF              100
        BANK5            000500-0005FF              100
        BANK6            000600-0006FF              100
        BANK7            000700-0007FF              100
        BANK8            000800-0008FF              100
        BANK9            000900-0009FF              100
        BIGRAM           00004D-00005F               13
                         0000AB-000F5F              EB5
        BIGSFR           000F60-000FFF               A0
        CODE             000004-000007                4
                         0002C2-000FFF              D3E
                         001DE8-00FFFF             E218
        COMRAM           00004D-00005F               13
        CONST            000004-000007                4
                         0002C2-000FFF              D3E
                         001DE8-00FFFF             E218
        EEDATA           F00000-F003FF              400
        IDLOC            200000-200007                8
        MEDIUMCONST      001DE8-00FFFF             E218
        RAM              0000AB-000F5F              100
        SFR              000F60-000FFF               A0
        SMALLCONST       001DE8-00FFFF              100

                                  Symbol Table

EXTERNAL_INTERRUPT_RBX_INIT@RBX           cstackCOMRAM 00003C
EXTERNAL_INTERRUPT_RBX_INIT@Retval        cstackBANK0  00009C
GPIO_PIN_DIRECTION_INITIALIZE@Retval      cstackCOMRAM 00003B
GPIO_PIN_DIRECTION_INITIALIZE@_PIN_CONFIG cstackCOMRAM 000035
GPIO_PIN_INITIALIZE@Retval                cstackBANK0  00009E
GPIO_PIN_INITIALIZE@_PIN_CONFIG           cstackBANK0  00009C
GPIO_PIN_WRITE_LOGIC@LOGIC                cstackCOMRAM 000036
GPIO_PIN_WRITE_LOGIC@Retval               cstackCOMRAM 00003C
GPIO_PIN_WRITE_LOGIC@_PIN_CONFIG          cstackCOMRAM 000035
LCD_4BIT_INITIALIZE@Retval                cstackBANK0  0000AA
LCD_4BIT_INITIALIZE@i                     cstackBANK0  0000A8
LCD_4BIT_INITIALIZE@lcd                   cstackBANK0  0000A6
LCD_4BIT_SEND_COMMAND@Retval              cstackBANK0  0000A5
LCD_4BIT_SEND_COMMAND@command             cstackBANK0  0000A4
LCD_4BIT_SEND_COMMAND@lcd                 cstackBANK0  0000A3
LCD_8BIT_INITIALIZE@Retval                cstackBANK0  0000A9
LCD_8BIT_INITIALIZE@i                     cstackBANK0  0000A7
LCD_8BIT_INITIALIZE@lcd                   cstackBANK0  0000A5
LCD_8BIT_SEND_COMMAND@Retval              cstackBANK0  0000A2
LCD_8BIT_SEND_COMMAND@command             cstackBANK0  00009F
LCD_8BIT_SEND_COMMAND@i                   cstackBANK0  0000A3
LCD_8BIT_SEND_COMMAND@lcd                 cstackBANK0  00009E
LED_INITIALIZE@F3776                      bssCOMRAM    000021
LED_INITIALIZE@PIN_OBJ                    cstackBANK0  0000A2
LED_INITIALIZE@Retval                     cstackBANK0  0000A1
LED_INITIALIZE@led                        cstackBANK0  00009F
LED_TOGGLE@F3791                          bssCOMRAM    00001E
LED_Turn_OFF@F3786                        bssCOMRAM    00001F
LED_Turn_OFF@PIN_OBJ                      cstackCOMRAM 00002D
LED_Turn_OFF@Retval                       cstackCOMRAM 00002C
LED_Turn_OFF@led                          cstackCOMRAM 00002A
LED_Turn_ON@F3781                         bssCOMRAM    000020
LED_Turn_ON@PIN_OBJ                       cstackCOMRAM 00002D
LED_Turn_ON@Retval                        cstackCOMRAM 00002C
LED_Turn_ON@led                           cstackCOMRAM 00002A
RB4_ISR@rb4                               cstackCOMRAM 00002E
RB5_ISR@rb5                               cstackCOMRAM 00002E
RB6_ISR@rb6                               cstackCOMRAM 00002E
RB7_ISR@rb7                               cstackCOMRAM 00002E
RELAY_INITIALIZE@F3774                    bssCOMRAM    00001D
RELAY_TURN_OFF@F3786                      bssCOMRAM    00001B
RELAY_TURN_ON@F3780                       bssCOMRAM    00001C
_Application_intialize                    text3        001DD6
_ECU_LAYER_INITIALIZE                     text4        001D52
_EXTERNAL_INTERRUPT_RBX_INIT              text2        001378
_GPIO_PIN_DIRECTION_INITIALIZE            text14       001266
_GPIO_PIN_INITIALIZE                      text12       001BD4
_GPIO_PIN_WRITE_LOGIC                     text13       001488
_INT0_ISR                                 text33       001DE4
_INT1_ISR                                 text32       001DE0
_INT2_ISR                                 text31       001DDC
_INTCON2bits                              (abs)        000FF1
_INTCON3bits                              (abs)        000FF0
_INTCONbits                               (abs)        000FF2
_IOCBbits                                 (abs)        000F7D
_KEYPAD_VALUES                            smallconst   001001
_LATA                                     (abs)        000F89
_LATB                                     (abs)        000F8A
_LATC                                     (abs)        000F8B
_LATD                                     (abs)        000F8C
_LATE                                     (abs)        000F8D
_LAT_REG                                  dataCOMRAM   00003D
_LCD_4BIT_INITIALIZE                      text8        00114A
_LCD_4BIT_SEND_COMMAND                    text9        001B08
_LCD_8BIT_INITIALIZE                      text5        001016
_LCD_8BIT_SEND_COMMAND                    text6        0016A8
_LED_INITIALIZE                           text1        00192E
_LED_Turn_OFF                             text28       001A1C
_LED_Turn_ON                              text29       001A92
_PORTA                                    (abs)        000F80
_PORTB                                    (abs)        000F81
_PORTBbits                                (abs)        000F81
_PORTC                                    (abs)        000F82
_PORTD                                    (abs)        000F83
_PORTE                                    (abs)        000F84
_PORT_REG                                 dataBANK0    000060
_RB4_ISR                                  text19       0018B0
_RB4_ISR_HIGH_TT                          text26       001DBE
_RB4_ISR_LOW_TT                           text22       001D8E
_RB4__                                    dataBANK0    000090
_RB4_interrupt_handler_HIGH               bssCOMRAM    00000D
_RB4_interrupt_handler_LOW                bssCOMRAM    00000F
_RB5_ISR                                  text18       001832
_RB5_ISR_HIGH_TT                          text25       001DB2
_RB5_ISR_LOW_TT                           text21       001D82
_RB5__                                    dataBANK0    00008A
_RB5_interrupt_handler_HIGH               bssCOMRAM    000009
_RB5_interrupt_handler_LOW                bssCOMRAM    00000B
_RB6_ISR                                  text17       0017B4
_RB6_ISR_HIGH_TT                          text24       001DA6
_RB6_ISR_LOW_TT                           text20       001D76
_RB6__                                    dataBANK0    000084
_RB6_interrupt_handler_HIGH               bssCOMRAM    000005
_RB6_interrupt_handler_LOW                bssCOMRAM    000007
_RB7_ISR                                  text16       001736
_RB7_ISR_HIGH_TT                          text27       001DCA
_RB7_ISR_LOW_TT                           text23       001D9A
_RB7__                                    dataBANK0    00007E
_RB7_interrupt_handler_HIGH               bssCOMRAM    000001
_RB7_interrupt_handler_LOW                bssCOMRAM    000003
_Ret                                      nvCOMRAM     00004B
_TRISA                                    (abs)        000F92
_TRISB                                    (abs)        000F93
_TRISC                                    (abs)        000F94
_TRISD                                    (abs)        000F95
_TRISE                                    (abs)        000F96
_TRIS_REG                                 dataBANK0    00006A
__HRAM                                    (abs)        000000
__H__absolute__                           __absolute__ 000000
__Habs1                                   abs1         000000
__Hbank0                                  bank0        000000
__Hbank1                                  bank1        000000
__Hbank10                                 bank10       000000
__Hbank11                                 bank11       000000
__Hbank12                                 bank12       000000
__Hbank13                                 bank13       000000
__Hbank14                                 bank14       000000
__Hbank15                                 bank15       000000
__Hbank2                                  bank2        000000
__Hbank3                                  bank3        000000
__Hbank4                                  bank4        000000
__Hbank5                                  bank5        000000
__Hbank6                                  bank6        000000
__Hbank7                                  bank7        000000
__Hbank8                                  bank8        000000
__Hbank9                                  bank9        000000
__Hbigbss                                 bigbss       000000
__Hbigdata                                bigdata      000000
__Hbigram                                 bigram       000000
__Hbigsfr                                 bigsfr       000000
__Hbss                                    bss          000000
__HbssCOMRAM                              bssCOMRAM    000000
__Hcinit                                  cinit        000000
__Hclrtext                                clrtext      000000
__Hcomram                                 comram       000000
__Hconfig                                 config       30000E
__Hconst                                  const        000000
__HcstackBANK0                            cstackBANK0  000000
__HcstackCOMRAM                           cstackCOMRAM 000000
__Hdata                                   data         000000
__HdataBANK0                              dataBANK0    000000
__HdataCOMRAM                             dataCOMRAM   000000
__Heeprom_data                            eeprom_data  000000
__Hfarbss                                 farbss       000000
__Hfardata                                fardata      000000
__Hheap                                   heap         000000
__Hibigdata                               ibigdata     000000
__Hidata                                  idata        000000
__HidataBANK0                             idataBANK0   000000
__HidataCOMRAM                            idataCOMRAM  000000
__Hidloc                                  idloc        000000
__Hifardata                               ifardata     000000
__Hinit                                   init         0002C2
__Hintcode                                intcode      0002BE
__Hintcode_body                           intcode_body 000000
__Hintcodelo                              intcodelo    0002BE
__Hintentry                               intentry     000000
__Hintret                                 intret       000000
__Hintsave_regs                           intsave_regs 000000
__Hirdata                                 irdata       000000
__Hmediumconst                            mediumconst  000000
__HnvCOMRAM                               nvCOMRAM     000000
__HnvFARRAM                               nvFARRAM     000000
__Hnvbit                                  nvbit        000000
__Hnvrram                                 nvrram       000000
__Hparam                                  rparam       000000
__Hpowerup                                powerup      0002BE
__Hram                                    ram          000000
__Hramtop                                 ramtop       001000
__Hrbit                                   rbit         000000
__Hrbss                                   rbss         000000
__Hrdata                                  rdata        000000
__Hreset_vec                              reset_vec    000004
__Hrparam                                 rparam       000000
__Hsfr                                    sfr          000000
__Hsivt_hi                                sivt_hi      000000
__Hsivt_lo                                sivt_lo      000000
__Hsmallconst                             smallconst   001016
__Hspace_0                                (abs)        001DE8
__Hspace_1                                (abs)        0000AB
__Hspace_2                                (abs)        000000
__Hspace_4                                (abs)        60000E
__Hstack                                  stack        000000
__Hstruct                                 struct       000000
__Htemp                                   temp         00004D
__Htext                                   text         000000
__Htext0                                  text0        000000
__Htext1                                  text1        000000
__Htext10                                 text10       000000
__Htext11                                 text11       000000
__Htext12                                 text12       000000
__Htext13                                 text13       000000
__Htext14                                 text14       000000
__Htext16                                 text16       000000
__Htext17                                 text17       000000
__Htext18                                 text18       000000
__Htext19                                 text19       000000
__Htext2                                  text2        000000
__Htext20                                 text20       000000
__Htext21                                 text21       000000
__Htext22                                 text22       000000
__Htext23                                 text23       000000
__Htext24                                 text24       000000
__Htext25                                 text25       000000
__Htext26                                 text26       000000
__Htext27                                 text27       000000
__Htext28                                 text28       000000
__Htext29                                 text29       000000
__Htext3                                  text3        000000
__Htext30                                 text30       000000
__Htext31                                 text31       000000
__Htext32                                 text32       000000
__Htext33                                 text33       000000
__Htext4                                  text4        000000
__Htext5                                  text5        000000
__Htext6                                  text6        000000
__Htext7                                  text7        000000
__Htext8                                  text8        000000
__Htext9                                  text9        000000
__LRAM                                    (abs)        000001
__L__absolute__                           __absolute__ 000000
__Labs1                                   abs1         000000
__Lbank0                                  bank0        000000
__Lbank1                                  bank1        000000
__Lbank10                                 bank10       000000
__Lbank11                                 bank11       000000
__Lbank12                                 bank12       000000
__Lbank13                                 bank13       000000
__Lbank14                                 bank14       000000
__Lbank15                                 bank15       000000
__Lbank2                                  bank2        000000
__Lbank3                                  bank3        000000
__Lbank4                                  bank4        000000
__Lbank5                                  bank5        000000
__Lbank6                                  bank6        000000
__Lbank7                                  bank7        000000
__Lbank8                                  bank8        000000
__Lbank9                                  bank9        000000
__Lbigbss                                 bigbss       000000
__Lbigdata                                bigdata      000000
__Lbigram                                 bigram       000000
__Lbigsfr                                 bigsfr       000000
__Lbss                                    bss          000000
__LbssCOMRAM                              bssCOMRAM    000000
__Lcinit                                  cinit        000000
__Lclrtext                                clrtext      000000
__Lcomram                                 comram       000000
__Lconfig                                 config       000000
__Lconst                                  const        000000
__LcstackBANK0                            cstackBANK0  000000
__LcstackCOMRAM                           cstackCOMRAM 000000
__Ldata                                   data         000000
__LdataBANK0                              dataBANK0    000000
__LdataCOMRAM                             dataCOMRAM   000000
__Leeprom_data                            eeprom_data  000000
__Lfarbss                                 farbss       000000
__Lfardata                                fardata      000000
__Lheap                                   heap         000000
__Libigdata                               ibigdata     000000
__Lidata                                  idata        000000
__LidataBANK0                             idataBANK0   000000
__LidataCOMRAM                            idataCOMRAM  000000
__Lidloc                                  idloc        000000
__Lifardata                               ifardata     000000
__Linit                                   init         0002BE
__Lintcode                                intcode      000008
__Lintcode_body                           intcode_body 000000
__Lintcodelo                              intcodelo    0002BE
__Lintentry                               intentry     000000
__Lintret                                 intret       000000
__Lintsave_regs                           intsave_regs 000000
__Lirdata                                 irdata       000000
__Lmediumconst                            mediumconst  000000
__LnvCOMRAM                               nvCOMRAM     000000
__LnvFARRAM                               nvFARRAM     000000
__Lnvbit                                  nvbit        000000
__Lnvrram                                 nvrram       000000
__Lparam                                  rparam       000000
__Lpowerup                                powerup      0002BE
__Lram                                    ram          000000
__Lramtop                                 ramtop       001000
__Lrbit                                   rbit         000000
__Lrbss                                   rbss         000000
__Lrdata                                  rdata        000000
__Lreset_vec                              reset_vec    000000
__Lrparam                                 rparam       000000
__Lsfr                                    sfr          000000
__Lsivt_hi                                sivt_hi      000000
__Lsivt_lo                                sivt_lo      000000
__Lsmallconst                             smallconst   001000
__Lspace_0                                (abs)        000000
__Lspace_1                                (abs)        000000
__Lspace_2                                (abs)        000000
__Lspace_4                                (abs)        000000
__Lstack                                  stack        000000
__Lstruct                                 struct       000000
__Ltemp                                   temp         00004C
__Ltext                                   text         000000
__Ltext0                                  text0        000000
__Ltext1                                  text1        000000
__Ltext10                                 text10       000000
__Ltext11                                 text11       000000
__Ltext12                                 text12       000000
__Ltext13                                 text13       000000
__Ltext14                                 text14       000000
__Ltext16                                 text16       000000
__Ltext17                                 text17       000000
__Ltext18                                 text18       000000
__Ltext19                                 text19       000000
__Ltext2                                  text2        000000
__Ltext20                                 text20       000000
__Ltext21                                 text21       000000
__Ltext22                                 text22       000000
__Ltext23                                 text23       000000
__Ltext24                                 text24       000000
__Ltext25                                 text25       000000
__Ltext26                                 text26       000000
__Ltext27                                 text27       000000
__Ltext28                                 text28       000000
__Ltext29                                 text29       000000
__Ltext3                                  text3        000000
__Ltext30                                 text30       000000
__Ltext31                                 text31       000000
__Ltext32                                 text32       000000
__Ltext33                                 text33       000000
__Ltext4                                  text4        000000
__Ltext5                                  text5        000000
__Ltext6                                  text6        000000
__Ltext7                                  text7        000000
__Ltext8                                  text8        000000
__Ltext9                                  text9        000000
__S0                                      (abs)        001DE8
__S1                                      (abs)        0000AB
__S4                                      (abs)        000000
__S5                                      (abs)        000000
___heap_hi                                (abs)        000000
___heap_lo                                (abs)        000000
___inthi_sp                               stack        000000
___inthi_stack_hi                         stack        000000
___inthi_stack_lo                         stack        000000
___intlo_sp                               stack        000000
___intlo_stack_hi                         stack        000000
___intlo_stack_lo                         stack        000000
___param_bank                             (abs)        000000
___rparam_used                            (abs)        000001
___sp                                     stack        000000
___stack_hi                               stack        000000
___stack_lo                               stack        000000
__accesstop                               (abs)        000060
__activetblptr                            (abs)        000003
__end_of_Application_intialize            text3        001DDC
__end_of_ECU_LAYER_INITIALIZE             text4        001D68
__end_of_EXTERNAL_INTERRUPT_RBX_INIT      text2        001488
__end_of_GPIO_PIN_DIRECTION_INITIALIZE    text14       001378
__end_of_GPIO_PIN_INITIALIZE              text12       001C38
__end_of_GPIO_PIN_WRITE_LOGIC             text13       001598
__end_of_INT0_ISR                         text33       001DE8
__end_of_INT1_ISR                         text32       001DE4
__end_of_INT2_ISR                         text31       001DE0
__end_of_KEYPAD_VALUES                    smallconst   001011
__end_of_LCD_4BIT_INITIALIZE              text8        001266
__end_of_LCD_4BIT_SEND_COMMAND            text9        001B70
__end_of_LCD_8BIT_INITIALIZE              text5        00114A
__end_of_LCD_8BIT_SEND_COMMAND            text6        001736
__end_of_LED_INITIALIZE                   text1        0019A6
__end_of_LED_Turn_OFF                     text28       001A92
__end_of_LED_Turn_ON                      text29       001B08
__end_of_RB4_ISR                          text19       00192E
__end_of_RB4_ISR_HIGH_TT                  text26       001DCA
__end_of_RB4_ISR_LOW_TT                   text22       001D9A
__end_of_RB5_ISR                          text18       0018B0
__end_of_RB5_ISR_HIGH_TT                  text25       001DBE
__end_of_RB5_ISR_LOW_TT                   text21       001D8E
__end_of_RB6_ISR                          text17       001832
__end_of_RB6_ISR_HIGH_TT                  text24       001DB2
__end_of_RB6_ISR_LOW_TT                   text20       001D82
__end_of_RB7_ISR                          text16       0017B4
__end_of_RB7_ISR_HIGH_TT                  text27       001DD6
__end_of_RB7_ISR_LOW_TT                   text23       001DA6
__end_of__initialization                  cinit        001C84
__end_of_interrupt_manager                intcode      0002BE
__end_of_lcd_4bit_send_enable_signal      text11       001D16
__end_of_lcd_8bit_send_enable_signal      text7        001CD2
__end_of_lcd_send_4bits                   text10       001A1C
__end_of_main                             text0        001BD4
__end_ofi2_GPIO_PIN_WRITE_LOGIC           text30       0016A8
__initialization                          cinit        001C38
__mediumconst                             mediumconst  000000
__pbssCOMRAM                              bssCOMRAM    000001
__pcinit                                  cinit        001C38
__pcstackBANK0                            cstackBANK0  00009C
__pcstackCOMRAM                           cstackCOMRAM 000022
__pdataBANK0                              dataBANK0    000060
__pdataCOMRAM                             dataCOMRAM   00003D
__pidataBANK0                             idataBANK0   001D16
__pidataCOMRAM                            idataCOMRAM  001D68
__pintcode                                intcode      000008
__pnvCOMRAM                               nvCOMRAM     00004B
__psmallconst                             smallconst   001000
__ptext0                                  text0        001B70
__ptext1                                  text1        00192E
__ptext10                                 text10       0019A6
__ptext11                                 text11       001CD2
__ptext12                                 text12       001BD4
__ptext13                                 text13       001488
__ptext14                                 text14       001266
__ptext16                                 text16       001736
__ptext17                                 text17       0017B4
__ptext18                                 text18       001832
__ptext19                                 text19       0018B0
__ptext2                                  text2        001378
__ptext20                                 text20       001D76
__ptext21                                 text21       001D82
__ptext22                                 text22       001D8E
__ptext23                                 text23       001D9A
__ptext24                                 text24       001DA6
__ptext25                                 text25       001DB2
__ptext26                                 text26       001DBE
__ptext27                                 text27       001DCA
__ptext28                                 text28       001A1C
__ptext29                                 text29       001A92
__ptext3                                  text3        001DD6
__ptext30                                 text30       001598
__ptext31                                 text31       001DDC
__ptext32                                 text32       001DE0
__ptext33                                 text33       001DE4
__ptext4                                  text4        001D52
__ptext5                                  text5        001016
__ptext6                                  text6        0016A8
__ptext7                                  text7        001C8E
__ptext8                                  text8        00114A
__ptext9                                  text9        001B08
__ramtop                                  ramtop       001000
__smallconst                              smallconst   001000
_int0_interrupt_handler                   bssCOMRAM    000015
_int1_interrupt_handler                   bssCOMRAM    000013
_int2_interrupt_handler                   bssCOMRAM    000011
_interrupt_manager                        intcode      000008
_lcd1                                     dataBANK0    000096
_lcd2                                     dataBANK0    000074
_lcd_4bit_send_enable_signal              text11       001CD2
_lcd_8bit_send_enable_signal              text7        001C8E
_lcd_send_4bits                           text10       0019A6
_led1                                     dataCOMRAM   00004A
_led2                                     dataCOMRAM   000049
_led3                                     dataCOMRAM   000048
_led4                                     dataCOMRAM   000047
_main                                     text0        001B70
_rb4_flag                                 bssCOMRAM    00001A
_rb5_flag                                 bssCOMRAM    000019
_rb6_flag                                 bssCOMRAM    000018
_rb7_flag                                 bssCOMRAM    000017
btemp                                     temp         00004C
end_of_initialization                     cinit        001C84
i2GPIO_PIN_WRITE_LOGIC@LOGIC              cstackCOMRAM 000023
i2GPIO_PIN_WRITE_LOGIC@Retval             cstackCOMRAM 000029
i2GPIO_PIN_WRITE_LOGIC@_PIN_CONFIG        cstackCOMRAM 000022
i2_GPIO_PIN_WRITE_LOGIC                   text30       001598
int$flags                                 temp         00004C
intlevel0                                 text         000000
intlevel1                                 text         000000
intlevel2                                 text         000000
intlevel3                                 text         000000
isa$std                                   (abs)        000001
isa$xinst                                 (abs)        000000
lcd_4bit_send_enable_signal@Retval        cstackBANK0  00009D
lcd_4bit_send_enable_signal@lcd           cstackBANK0  00009C
lcd_8bit_send_enable_signal@Retval        cstackBANK0  00009D
lcd_8bit_send_enable_signal@lcd           cstackBANK0  00009C
lcd_send_4bits@Retval                     cstackBANK0  0000A0
lcd_send_4bits@_data_command              cstackBANK0  00009D
lcd_send_4bits@i                          cstackBANK0  0000A1
lcd_send_4bits@lcd                        cstackBANK0  00009C
stackhi                                   (abs)        000000
stacklo                                   (abs)        000000
start                                     init         0002BE
start_initialization                      cinit        001C38
ttemp5                                    temp         00004D
ttemp6                                    temp         000050
ttemp7                                    temp         000054
wtemp8                                    temp         00004D


MODULE INFORMATION

Module		Function		Class		Link	Load	Size
Drivers_Main.c
		_Application_intialize		CODE           	1DD6	0000	6
		_main          		CODE           	1B70	0000	100
		_RB4_ISR_LOW_TT		CODE           	1D8E	0000	12
		_RB5_ISR_LOW_TT		CODE           	1D82	0000	12
		_RB6_ISR_LOW_TT		CODE           	1D76	0000	12
		_RB7_ISR_LOW_TT		CODE           	1D9A	0000	12
		_RB4_ISR_HIGH_TT		CODE           	1DBE	0000	12
		_RB5_ISR_HIGH_TT		CODE           	1DB2	0000	12
		_RB6_ISR_HIGH_TT		CODE           	1DA6	0000	12
		_RB7_ISR_HIGH_TT		CODE           	1DCA	0000	12

Drivers_Main.c estimated size: 202

MCAL/Interrupt/MCAL_external_interrupt.c
		_RB4_ISR       		CODE           	18B0	0000	126
		_RB5_ISR       		CODE           	1832	0000	126
		_RB6_ISR       		CODE           	17B4	0000	126
		_RB7_ISR       		CODE           	1736	0000	126
		_EXTERNAL_INTERRUPT_RBX_INIT		CODE           	1378	0000	272
		_INT0_ISR      		CODE           	1DE4	0000	4
		_INT1_ISR      		CODE           	1DE0	0000	4
		_INT2_ISR      		CODE           	1DDC	0000	4

MCAL/Interrupt/MCAL_external_interrupt.c estimated size: 788

ECUAL/ECU_INIT.c
		_ECU_LAYER_INITIALIZE		CODE           	1D52	0000	22

ECUAL/ECU_INIT.c estimated size: 22

ECUAL/CHR_LCD/ECU_CHR_LCD.c
		_lcd_8bit_send_enable_signal		CODE           	1C8E	0000	68
		_lcd_send_4bits		CODE           	19A6	0000	118
		_LCD_8BIT_INITIALIZE		CODE           	1016	0000	308
		_LCD_8BIT_SEND_COMMAND		CODE           	16A8	0000	142
		_lcd_4bit_send_enable_signal		CODE           	1CD2	0000	68
		_LCD_4BIT_INITIALIZE		CODE           	114A	0000	284
		_LCD_4BIT_SEND_COMMAND		CODE           	1B08	0000	104

ECUAL/CHR_LCD/ECU_CHR_LCD.c estimated size: 1092

shared
		_KEYPAD_VALUES 		SMALLCONST     	1001	0000	16
		i2_GPIO_PIN_WRITE_LOGIC		CODE           	1598	0000	272
		__initialization		CODE           	1C38	0000	76

shared estimated size: 364

MCAL/GPIO/HAL_GPIO.c
		_GPIO_PIN_INITIALIZE		CODE           	1BD4	0000	100
		_GPIO_PIN_DIRECTION_INITIALIZE		CODE           	1266	0000	274
		_GPIO_PIN_WRITE_LOGIC		CODE           	1488	0000	272

MCAL/GPIO/HAL_GPIO.c estimated size: 646

ECUAL/LED/ECU_LED.c
		_LED_INITIALIZE		CODE           	192E	0000	120
		_LED_Turn_ON   		CODE           	1A92	0000	118
		_LED_Turn_OFF  		CODE           	1A1C	0000	118

ECUAL/LED/ECU_LED.c estimated size: 356

MCAL/Interrupt/MCAL_interrupt_manager.c
		_interrupt_manager		CODE           	0008	0000	694

MCAL/Interrupt/MCAL_interrupt_manager.c estimated size: 694

