Microchip MPLAB XC8 Compiler V2.46

Linker command line:

-W-3 \
  --edf=C:\Program Files\Microchip\xc8\v2.46\pic\dat\20240104201356_en.msgs \
  -cn \
  -h+.ca/dist/defaultActiveCA/production\Interfacing_Drivers.production.sym \
  --cmf=.ca/dist/defaultActiveCA/production\Interfacing_Drivers.production.cmf \
  -z -Q18F46K20 \
  -oC:\Users\Gharboby\AppData\Local\Temp\xcAsnhg.\driver_tmp_3.o \
  --defsym=__MPLAB_BUILD=1 --fixupoverflow=error \
  -M.ca/dist/defaultActiveCA/production/Interfacing_Drivers.production.map \
  --md=C:\Users\Gharboby\AppData\Local\Temp\xcAsnhg.\driver_tmp_0.dat -E1 \
  -ver=XC8 Compiler --acfsm=1493 -ACODE=00h-0FFFFh -ACONST=00h-0FFFFh \
  -ASMALLCONST=01000h-010FFhx240 -AMEDIUMCONST=01000h-0FFFFh \
  -ACOMRAM=01h-05Fh -AABS1=00h-0F5Fh -ABIGRAM=01h-0F5Fh \
  -ARAM=060h-0FFh,0100h-01FFhx14,0F00h-0F5Fh -ABANK0=060h-0FFh \
  -ABANK1=0100h-01FFh -ABANK2=0200h-02FFh -ABANK3=0300h-03FFh \
  -ABANK4=0400h-04FFh -ABANK5=0500h-05FFh -ABANK6=0600h-06FFh \
  -ABANK7=0700h-07FFh -ABANK8=0800h-08FFh -ABANK9=0900h-09FFh \
  -ABANK10=0A00h-0AFFh -ABANK11=0B00h-0BFFh -ABANK12=0C00h-0CFFh \
  -ABANK13=0D00h-0DFFh -ABANK14=0E00h-0EFFh -ABANK15=0F00h-0F5Fh \
  -ASFR=0F60h-0FFFh -ABIGSFR=0F60h-0FFFh -ACONFIG=0300000h-030000Dh \
  -AIDLOC=0200000h-0200007h -AEEDATA=0F00000h-0F003FFh -peeprom_data=EEDATA \
  -preset_vec=00h,intcode,sivt_hi,intcodelo,sivt_lo,powerup,init \
  -pramtop=01000h -psmallconst=SMALLCONST -pmediumconst=MEDIUMCONST \
  -pconst=CONST -AFARRAM=00h-00h \
  -prdata=COMRAM,nvrram=COMRAM,nvbit=COMRAM,rbss=COMRAM,rbit=COMRAM \
  -pfarbss=FARRAM,fardata=FARRAM,nvFARRAM=FARRAM \
  -pintsave_regs=BIGRAM,bigbss=BIGRAM,bigdata=BIGRAM -pbss=RAM \
  -pidata=CODE,irdata=CODE,ibigdata=CODE,ifardata=CODE -prparam=COMRAM \
  C:\Users\Gharboby\AppData\Local\Temp\xcAsnhg.\driver_tmp_9.o \
  .ca/dist/defaultActiveCA/production\Interfacing_Drivers.production.o 

Object code version is 3.11

Machine type is 18F46K20



                Name                               Link     Load   Length Selector   Space Scale
C:\Users\Gharboby\AppData\Local\Temp\xcAsnhg.\driver_tmp_9.o
                config                           300000   300000        E        0       4
                init                                  4        4        4        0       0
                reset_vec                             0        0        4        0       0
.ca/dist/defaultActiveCA/production\Interfacing_Drivers.production.o
                config                           300000   300000        E        0       4
                smallconst                         1000     1000       12      800       0
                text6                              1012     1012      112      809       0
                text5                              1124     1124      110      809       0
                text4                              12B8     12B8       5E      809       0
                text3                              1234     1234       84      809       0
                text2                              137E     137E        A      809       0
                text1                              1388     1388        6      809       0
                text0                              1372     1372        C      809       0
                cstackCOMRAM                         27       27       11        1       1
                dataCOMRAM                            1        1       26        1       1
                bssCOMRAM                            38       38        8        1       1
                cinit                              1316     1316       36      809       0
                idataCOMRAM                        134C     134C       26      809       0

TOTAL           Name                               Link     Load   Length     Space
        CLASS   CODE           
                init                                  4        4        4         0
                reset_vec                             0        0        4         0
                text6                              1012     1012      112         0
                text5                              1124     1124      110         0
                text4                              12B8     12B8       5E         0
                text3                              1234     1234       84         0
                text2                              137E     137E        A         0
                text1                              1388     1388        6         0
                text0                              1372     1372        C         0
                cinit                              1316     1316       36         0
                idataCOMRAM                        134C     134C       26         0

        CLASS   CONST          

        CLASS   SMALLCONST     
                smallconst                         1000     1000       12         0

        CLASS   MEDIUMCONST    

        CLASS   COMRAM         
                cstackCOMRAM                         27       27       11         1
                dataCOMRAM                            1        1       26         1
                bssCOMRAM                            38       38        8         1

        CLASS   ABS1           

        CLASS   BIGRAM         

        CLASS   RAM            

        CLASS   BANK0          

        CLASS   BANK1          

        CLASS   BANK2          

        CLASS   BANK3          

        CLASS   BANK4          

        CLASS   BANK5          

        CLASS   BANK6          

        CLASS   BANK7          

        CLASS   BANK8          

        CLASS   BANK9          

        CLASS   BANK10         

        CLASS   BANK11         

        CLASS   BANK12         

        CLASS   BANK13         

        CLASS   BANK14         

        CLASS   BANK15         

        CLASS   SFR            

        CLASS   BIGSFR         

        CLASS   CONFIG         
                config                           300000   300000        E         4

        CLASS   IDLOC          

        CLASS   EEDATA         

        CLASS   FARRAM         

        CLASS   HEAP           

        CLASS   STACK          



SEGMENTS        Name                           Load    Length   Top    Selector   Space  Class

                reset_vec                      000000  000008  000008         0       0  CODE    
                dataCOMRAM                     000001  00003F  000040         1       1  COMRAM  
                smallconst                     001000  000012  001012       800       0  SMALLCON
                text6                          001012  00037C  00138E       809       0  CODE    


UNUSED ADDRESS RANGES

        Name                Unused          Largest block    Delta
        BANK0            000060-0000FF               A0
        BANK1            000100-0001FF              100
        BANK10           000A00-000AFF              100
        BANK11           000B00-000BFF              100
        BANK12           000C00-000CFF              100
        BANK13           000D00-000DFF              100
        BANK14           000E00-000EFF              100
        BANK15           000F00-000F5F               60
        BANK2            000200-0002FF              100
        BANK3            000300-0003FF              100
        BANK4            000400-0004FF              100
        BANK5            000500-0005FF              100
        BANK6            000600-0006FF              100
        BANK7            000700-0007FF              100
        BANK8            000800-0008FF              100
        BANK9            000900-0009FF              100
        BIGRAM           000040-000F5F              F20
        BIGSFR           000F60-000FFF               A0
        CODE             000008-000FFF              FF8
                         00138E-00FFFF             EC72
        COMRAM           000040-00005F               20
        CONST            000008-000FFF              FF8
                         00138E-00FFFF             EC72
        EEDATA           F00000-F003FF              400
        IDLOC            200000-200007                8
        MEDIUMCONST      00138E-00FFFF             EC72
        RAM              000060-000F5F              100
        SFR              000F60-000FFF               A0
        SMALLCONST       00138E-00FFFF              100

                                  Symbol Table

GPIO_PIN_DIRECTION_INITIALIZE@Retval      cstackCOMRAM 00002D
GPIO_PIN_DIRECTION_INITIALIZE@_PIN_CONFIG cstackCOMRAM 000027
GPIO_PIN_INITIALIZE@Retval                cstackCOMRAM 000031
GPIO_PIN_INITIALIZE@_PIN_CONFIG           cstackCOMRAM 00002F
GPIO_PIN_WRITE_LOGIC@LOGIC                cstackCOMRAM 000028
GPIO_PIN_WRITE_LOGIC@Retval               cstackCOMRAM 00002E
GPIO_PIN_WRITE_LOGIC@_PIN_CONFIG          cstackCOMRAM 000027
KEYPAD_INITIALIZE@Retval                  cstackCOMRAM 000033
KEYPAD_INITIALIZE@c                       cstackCOMRAM 000036
KEYPAD_INITIALIZE@keypad                  cstackCOMRAM 000032
KEYPAD_INITIALIZE@r                       cstackCOMRAM 000034
LED_INITIALIZE@F3148                      bssCOMRAM    00003F
LED_TOGGLE@F3163                          bssCOMRAM    00003C
LED_Turn_OFF@F3158                        bssCOMRAM    00003D
LED_Turn_ON@F3153                         bssCOMRAM    00003E
RELAY_INITIALIZE@F3146                    bssCOMRAM    00003B
RELAY_TURN_OFF@F3158                      bssCOMRAM    000039
RELAY_TURN_ON@F3152                       bssCOMRAM    00003A
_Application_intialize                    text1        001388
_ECU_LAYER_INITIALIZE                     text2        00137E
_GPIO_PIN_DIRECTION_INITIALIZE            text6        001012
_GPIO_PIN_INITIALIZE                      text4        0012B8
_GPIO_PIN_WRITE_LOGIC                     text5        001124
_KEYPAD_INITIALIZE                        text3        001234
_LATA                                     (abs)        000F89
_LATB                                     (abs)        000F8A
_LATC                                     (abs)        000F8B
_LATD                                     (abs)        000F8C
_LATE                                     (abs)        000F8D
_LAT_REG                                  dataCOMRAM   000001
_PORTA                                    (abs)        000F80
_PORTB                                    (abs)        000F81
_PORTC                                    (abs)        000F82
_PORTD                                    (abs)        000F83
_PORTE                                    (abs)        000F84
_PORT_REG                                 dataCOMRAM   00000B
_Ret                                      bssCOMRAM    000038
_TRISA                                    (abs)        000F92
_TRISB                                    (abs)        000F93
_TRISC                                    (abs)        000F94
_TRISD                                    (abs)        000F95
_TRISE                                    (abs)        000F96
_TRIS_REG                                 dataCOMRAM   000015
__HRAM                                    (abs)        000000
__H__absolute__                           __absolute__ 000000
__Habs1                                   abs1         000000
__Hbank0                                  bank0        000000
__Hbank1                                  bank1        000000
__Hbank10                                 bank10       000000
__Hbank11                                 bank11       000000
__Hbank12                                 bank12       000000
__Hbank13                                 bank13       000000
__Hbank14                                 bank14       000000
__Hbank15                                 bank15       000000
__Hbank2                                  bank2        000000
__Hbank3                                  bank3        000000
__Hbank4                                  bank4        000000
__Hbank5                                  bank5        000000
__Hbank6                                  bank6        000000
__Hbank7                                  bank7        000000
__Hbank8                                  bank8        000000
__Hbank9                                  bank9        000000
__Hbigbss                                 bigbss       000000
__Hbigdata                                bigdata      000000
__Hbigram                                 bigram       000000
__Hbigsfr                                 bigsfr       000000
__Hbss                                    bss          000000
__HbssCOMRAM                              bssCOMRAM    000000
__Hcinit                                  cinit        000000
__Hclrtext                                clrtext      000000
__Hcomram                                 comram       000000
__Hconfig                                 config       30000E
__Hconst                                  const        000000
__HcstackCOMRAM                           cstackCOMRAM 000000
__Hdata                                   data         000000
__HdataCOMRAM                             dataCOMRAM   000000
__Heeprom_data                            eeprom_data  000000
__Hfarbss                                 farbss       000000
__Hfardata                                fardata      000000
__Hheap                                   heap         000000
__Hibigdata                               ibigdata     000000
__Hidata                                  idata        000000
__HidataCOMRAM                            idataCOMRAM  000000
__Hidloc                                  idloc        000000
__Hifardata                               ifardata     000000
__Hinit                                   init         000008
__Hintcode                                intcode      000004
__Hintcode_body                           intcode_body 000000
__Hintcodelo                              intcodelo    000004
__Hintentry                               intentry     000000
__Hintret                                 intret       000000
__Hintsave_regs                           intsave_regs 000000
__Hirdata                                 irdata       000000
__Hmediumconst                            mediumconst  000000
__HnvFARRAM                               nvFARRAM     000000
__Hnvbit                                  nvbit        000000
__Hnvrram                                 nvrram       000000
__Hparam                                  rparam       000000
__Hpowerup                                powerup      000004
__Hram                                    ram          000000
__Hramtop                                 ramtop       001000
__Hrbit                                   rbit         000000
__Hrbss                                   rbss         000000
__Hrdata                                  rdata        000000
__Hreset_vec                              reset_vec    000004
__Hrparam                                 rparam       000000
__Hsfr                                    sfr          000000
__Hsivt_hi                                sivt_hi      000004
__Hsivt_lo                                sivt_lo      000004
__Hsmallconst                             smallconst   001012
__Hspace_0                                (abs)        00138E
__Hspace_1                                (abs)        000040
__Hspace_2                                (abs)        000000
__Hspace_4                                (abs)        60000E
__Hstack                                  stack        000000
__Hstruct                                 struct       000000
__Htemp                                   temp         000000
__Htext                                   text         000000
__Htext0                                  text0        000000
__Htext1                                  text1        000000
__Htext2                                  text2        000000
__Htext3                                  text3        000000
__Htext4                                  text4        000000
__Htext5                                  text5        000000
__Htext6                                  text6        000000
__LRAM                                    (abs)        000001
__L__absolute__                           __absolute__ 000000
__Labs1                                   abs1         000000
__Lbank0                                  bank0        000000
__Lbank1                                  bank1        000000
__Lbank10                                 bank10       000000
__Lbank11                                 bank11       000000
__Lbank12                                 bank12       000000
__Lbank13                                 bank13       000000
__Lbank14                                 bank14       000000
__Lbank15                                 bank15       000000
__Lbank2                                  bank2        000000
__Lbank3                                  bank3        000000
__Lbank4                                  bank4        000000
__Lbank5                                  bank5        000000
__Lbank6                                  bank6        000000
__Lbank7                                  bank7        000000
__Lbank8                                  bank8        000000
__Lbank9                                  bank9        000000
__Lbigbss                                 bigbss       000000
__Lbigdata                                bigdata      000000
__Lbigram                                 bigram       000000
__Lbigsfr                                 bigsfr       000000
__Lbss                                    bss          000000
__LbssCOMRAM                              bssCOMRAM    000000
__Lcinit                                  cinit        000000
__Lclrtext                                clrtext      000000
__Lcomram                                 comram       000000
__Lconfig                                 config       000000
__Lconst                                  const        000000
__LcstackCOMRAM                           cstackCOMRAM 000000
__Ldata                                   data         000000
__LdataCOMRAM                             dataCOMRAM   000000
__Leeprom_data                            eeprom_data  000000
__Lfarbss                                 farbss       000000
__Lfardata                                fardata      000000
__Lheap                                   heap         000000
__Libigdata                               ibigdata     000000
__Lidata                                  idata        000000
__LidataCOMRAM                            idataCOMRAM  000000
__Lidloc                                  idloc        000000
__Lifardata                               ifardata     000000
__Linit                                   init         000004
__Lintcode                                intcode      000004
__Lintcode_body                           intcode_body 000000
__Lintcodelo                              intcodelo    000004
__Lintentry                               intentry     000000
__Lintret                                 intret       000000
__Lintsave_regs                           intsave_regs 000000
__Lirdata                                 irdata       000000
__Lmediumconst                            mediumconst  000000
__LnvFARRAM                               nvFARRAM     000000
__Lnvbit                                  nvbit        000000
__Lnvrram                                 nvrram       000000
__Lparam                                  rparam       000000
__Lpowerup                                powerup      000004
__Lram                                    ram          000000
__Lramtop                                 ramtop       001000
__Lrbit                                   rbit         000000
__Lrbss                                   rbss         000000
__Lrdata                                  rdata        000000
__Lreset_vec                              reset_vec    000000
__Lrparam                                 rparam       000000
__Lsfr                                    sfr          000000
__Lsivt_hi                                sivt_hi      000004
__Lsivt_lo                                sivt_lo      000004
__Lsmallconst                             smallconst   001000
__Lspace_0                                (abs)        000000
__Lspace_1                                (abs)        000000
__Lspace_2                                (abs)        000000
__Lspace_4                                (abs)        000000
__Lstack                                  stack        000000
__Lstruct                                 struct       000000
__Ltemp                                   temp         000000
__Ltext                                   text         000000
__Ltext0                                  text0        000000
__Ltext1                                  text1        000000
__Ltext2                                  text2        000000
__Ltext3                                  text3        000000
__Ltext4                                  text4        000000
__Ltext5                                  text5        000000
__Ltext6                                  text6        000000
__S0                                      (abs)        00138E
__S1                                      (abs)        000040
__S4                                      (abs)        000000
__S5                                      (abs)        000000
___heap_hi                                (abs)        000000
___heap_lo                                (abs)        000000
___inthi_sp                               stack        000000
___inthi_stack_hi                         stack        000000
___inthi_stack_lo                         stack        000000
___intlo_sp                               stack        000000
___intlo_stack_hi                         stack        000000
___intlo_stack_lo                         stack        000000
___param_bank                             (abs)        000000
___rparam_used                            (abs)        000001
___sp                                     stack        000000
___stack_hi                               stack        000000
___stack_lo                               stack        000000
__accesstop                               (abs)        000060
__activetblptr                            (abs)        000002
__end_of_Application_intialize            text1        00138E
__end_of_ECU_LAYER_INITIALIZE             text2        001388
__end_of_GPIO_PIN_DIRECTION_INITIALIZE    text6        001124
__end_of_GPIO_PIN_INITIALIZE              text4        001316
__end_of_GPIO_PIN_WRITE_LOGIC             text5        001234
__end_of_KEYPAD_INITIALIZE                text3        0012B8
__end_of_KEYPAD_VALUES                    smallconst   001011
__end_of__initialization                  cinit        001342
__end_of_main                             text0        00137E
__initialization                          cinit        001316
__mediumconst                             mediumconst  000000
__pbssCOMRAM                              bssCOMRAM    000038
__pcinit                                  cinit        001316
__pcstackCOMRAM                           cstackCOMRAM 000027
__pdataCOMRAM                             dataCOMRAM   000001
__pidataCOMRAM                            idataCOMRAM  00134C
__psmallconst                             smallconst   001000
__ptext0                                  text0        001372
__ptext1                                  text1        001388
__ptext2                                  text2        00137E
__ptext3                                  text3        001234
__ptext4                                  text4        0012B8
__ptext5                                  text5        001124
__ptext6                                  text6        001012
__ramtop                                  ramtop       001000
__smallconst                              smallconst   001000
_keypad1                                  dataCOMRAM   00001F
_main                                     text0        001372
end_of_initialization                     cinit        001342
intlevel0                                 text         000000
intlevel1                                 text         000000
intlevel2                                 text         000000
intlevel3                                 text         000000
isa$std                                   (abs)        000001
isa$xinst                                 (abs)        000000
stackhi                                   (abs)        000000
stacklo                                   (abs)        000000
start                                     init         000004
start_initialization                      cinit        001316


MODULE INFORMATION

Module		Function		Class		Link	Load	Size
Drivers_Main.c
		_Application_intialize		CODE           	1388	0000	6
		_main          		CODE           	1372	0000	12

Drivers_Main.c estimated size: 18

ECUAL/ECU_INIT.c
		_ECU_LAYER_INITIALIZE		CODE           	137E	0000	10

ECUAL/ECU_INIT.c estimated size: 10

ECUAL/Keypad/ECU_KEYPAD.c
		_KEYPAD_INITIALIZE		CODE           	1234	0000	132

ECUAL/Keypad/ECU_KEYPAD.c estimated size: 132

shared
		_KEYPAD_VALUES 		SMALLCONST     	0000	0000	0
		__initialization		CODE           	1316	0000	44

shared estimated size: 44

MCAL/GPIO/HAL_GPIO.c
		_GPIO_PIN_INITIALIZE		CODE           	12B8	0000	94
		_GPIO_PIN_DIRECTION_INITIALIZE		CODE           	1012	0000	274
		_GPIO_PIN_WRITE_LOGIC		CODE           	1124	0000	272

MCAL/GPIO/HAL_GPIO.c estimated size: 640

